Microchip MPLAB XC8 Compiler V1.45 ()

Linker command line:

-W-3 --edf=C:\Program Files (x86)\Microchip\xc8\v1.45\dat\en_msgs.txt -cs \
  -h+dist/default/production\ACW.X.production.sym \
  --cmf=dist/default/production\ACW.X.production.cmf -z -Q16F877A \
  -oC:\Users\Zayd\AppData\Local\Temp\sglg.2 \
  -Mdist/default/production/ACW.X.production.map -E1 -ver=XC8 \
  -ASTACK=0169h-016fh -pstack=STACK -ACODE=00h-07FFhx4 -ASTRCODE=00h-01FFFh \
  -ASTRING=00h-0FFhx32 -ACONST=00h-0FFhx32 -AENTRY=00h-0FFhx32 \
  -ACOMMON=070h-07Fh -ABANK0=020h-06Fh -ABANK1=0A0h-0EFh \
  -ABANK2=0110h-016Fh -ABANK3=0190h-01EFh \
  -ARAM=020h-06Fh,0A0h-0EFh,0110h-016Fh,0190h-01EFh \
  -AABS1=020h-07Fh,0A0h-0EFh,0110h-016Fh,0190h-01EFh -ASFR0=00h-01Fh \
  -ASFR1=080h-09Fh -ASFR2=0100h-010Fh -ASFR3=0180h-018Fh \
  -preset_vec=00h,intentry,init,end_init -ppowerup=CODE -pcinit=CODE \
  -pfunctab=ENTRY -ACONFIG=02007h-02007h -pconfig=CONFIG -DCONFIG=2 \
  -AIDLOC=02000h-02003h -pidloc=IDLOC -DIDLOC=2 -AEEDATA=00h-0FFh/02100h \
  -peeprom_data=EEDATA -DEEDATA=2 -DCODE=2 -DSTRCODE=2 -DSTRING=2 -DCONST=2 \
  -DENTRY=2 -k C:\Users\Zayd\AppData\Local\Temp\sglg.obj \
  dist/default/production\ACW.X.production.obj 

Object code version is 3.11

Machine type is 16F877A



                Name                               Link     Load   Length Selector   Space Scale
C:\Users\Zayd\AppData\Local\Temp\sglg.obj
                end_init                              0        0        3        0       0
                config                             2007     2007        1     400E       0
dist/default/production\ACW.X.production.obj
                cinit                               7AE      7AE       52      F5C       0
                text75                             1407     1407       10     280E       0
                text74                             151B     151B       22     2A36       0
                text73                             13BE     13BE        5     277C       0
                text72                             13C3     13C3        5     2786       0
                text71                             14C1     14C1       1B     2982       0
                text70                             1417     1417       10     282E       0
                text69                             153D     153D       24     2A7A       0
                text68                             14DC     14DC       1F     29B8       0
                text67                             1758     1758       2A     2EB0       0
                text66                             1782     1782       2A     2F04       0
                text65                             17AC     17AC       2A     2F58       0
                text64                             17D6     17D6       2A     2FAC       0
                text63                              DB2      DB2       5B     1B64       0
                text62                             163C     163C       26     2C78       0
                text61                             15CD     15CD       25     2B9A       0
                text60                             1427     1427       10     284E       0
                text59                              810      810       2A     1020       0
                text58                             1662     1662       29     2CC4       0
                text57                             13D7     13D7        6     27AE       0
                text56                             13ED     13ED        C     27DA       0
                text55                              B99      B99       3B     1732       0
                text54                              9B4      9B4       2E     1368       0
                text53                             146B     146B       14     28D6       0
                text52                             147F     147F       14     28FE       0
                text51                             13C8     13C8        5     2790       0
                text50                             13CD     13CD        5     279A       0
                text49                             1493     1493       17     2926       0
                text48                              D00      D00       59     1A00       0
                text47                              C11      C11       4B     1822       0
                text46                              3F4      3F4      1DD      7E8       0
                text45                             1561     1561       24     2AC2       0
                text44                              F67      F67       99     1ECE       0
                text43                             14FB     14FB       20     29F6       0
                text42                               35       35       99       6A       0
                text41                              83A      83A       2A     1074       0
                text40                             15F2     15F2       25     2BE4       0
                text39                              5D1      5D1      1DD      BA2       0
                text38                             1585     1585       24     2B0A       0
                text37                             14AA     14AA       17     2954       0
                text36                              EE1      EE1       86     1DC2       0
                text35                             168B     168B       29     2D16       0
                text34                             15A9     15A9       24     2B52       0
                text33                              864      864       2A     10C8       0
                text32                             16B4     16B4       29     2D68       0
                text31                              88E      88E       2A     111C       0
                text30                             16DD     16DD       29     2DBA       0
                text29                              8B8      8B8       2A     1170       0
                text28                             1706     1706       29     2E0C       0
                text27                              8E2      8E2       2A     11C4       0
                text26                             172F     172F       29     2E5E       0
                text25                              E6B      E6B       76     1CD6       0
                text24                              90C      90C       2A     1218       0
                text23                              936      936       2A     126C       0
                text22                              960      960       2A     12C0       0
                text21                              98A      98A       2A     1314       0
                text20                              CA9      CA9       57     1952       0
                text19                              9E2      9E2       33     13C4       0
                text18                             13BA     13BA        4     2774       0
                text17                             1617     1617       25     2C2E       0
                text16                                4        4       31        8       0
                text15                             1458     1458       13     28B0       0
                text14                             1437     1437       10     286E       0
                text13                              172      172       C9      2E4       0
                text12                              BD4      BD4       3D     17A8       0
                text11                              A4A      A4A       37     1494       0
                text10                              AB8      AB8       38     1570       0
                text9                               AF0      AF0       38     15E0       0
                text8                              13F9     13F9        E     27F2       0
                text7                               B60      B60       39     16C0       0
                text6                               A15      A15       35     142A       0
                text5                               A81      A81       37     1502       0
                text4                               304      304       F0      608       0
                text3                               800      800       10      F5C       0
                text2                               23B      23B       C9      476       0
                text1                               B28      B28       38     1650       0
                maintext                             CE       CE       A4      19C       0
                cstackBANK0h                         52       52       17       31       1
                cstackCOMMON                         70       70        E       70       1
                clrtext                            13DD     13DD        8     27BA       0
                inittext                           1447     1447       11     288E       0
                dataBANK2                           110      110       59      110       1
                dataBANK3                           190      190       5E      190       1
                dataBANK1                            A0       A0       4D       A0       1
                dataBANK0l                           20       20        8       20       1
                bssBANK0l                            28       28        4       20       1
                dataBANK0h                           69       69        5       31       1
                bssBANK0h                            31       31       21       31       1
                bitbssBANK0h                        370       6E        1       31       1     8
                strings                            1000     1000        E     2000       0
                idataBANK0h                        13D2     13D2        5     27A4       0
                idataBANK3                          E0D      E0D       5E     1C1A       0
                idataBANK2                          D59      D59       59     1AB2       0
                idataBANK1                          C5C      C5C       4D     18B8       0
                idataBANK0l                        13E5     13E5        8     27CA       0

TOTAL           Name                               Link     Load   Length     Space
        CLASS   STACK          

        CLASS   CODE           
                end_init                              0        0        3         0
                cinit                               7AE      7AE       52         0
                text75                             1407     1407       10         0
                text74                             151B     151B       22         0
                text73                             13BE     13BE        5         0
                text72                             13C3     13C3        5         0
                text71                             14C1     14C1       1B         0
                text70                             1417     1417       10         0
                text69                             153D     153D       24         0
                text68                             14DC     14DC       1F         0
                text67                             1758     1758       2A         0
                text66                             1782     1782       2A         0
                text65                             17AC     17AC       2A         0
                text64                             17D6     17D6       2A         0
                text63                              DB2      DB2       5B         0
                text62                             163C     163C       26         0
                text61                             15CD     15CD       25         0
                text60                             1427     1427       10         0
                text59                              810      810       2A         0
                text58                             1662     1662       29         0
                text57                             13D7     13D7        6         0
                text56                             13ED     13ED        C         0
                text55                              B99      B99       3B         0
                text54                              9B4      9B4       2E         0
                text53                             146B     146B       14         0
                text52                             147F     147F       14         0
                text51                             13C8     13C8        5         0
                text50                             13CD     13CD        5         0
                text49                             1493     1493       17         0
                text48                              D00      D00       59         0
                text47                              C11      C11       4B         0
                text46                              3F4      3F4      1DD         0
                text45                             1561     1561       24         0
                text44                              F67      F67       99         0
                text43                             14FB     14FB       20         0
                text42                               35       35       99         0
                text41                              83A      83A       2A         0
                text40                             15F2     15F2       25         0
                text39                              5D1      5D1      1DD         0
                text38                             1585     1585       24         0
                text37                             14AA     14AA       17         0
                text36                              EE1      EE1       86         0
                text35                             168B     168B       29         0
                text34                             15A9     15A9       24         0
                text33                              864      864       2A         0
                text32                             16B4     16B4       29         0
                text31                              88E      88E       2A         0
                text30                             16DD     16DD       29         0
                text29                              8B8      8B8       2A         0
                text28                             1706     1706       29         0
                text27                              8E2      8E2       2A         0
                text26                             172F     172F       29         0
                text25                              E6B      E6B       76         0
                text24                              90C      90C       2A         0
                text23                              936      936       2A         0
                text22                              960      960       2A         0
                text21                              98A      98A       2A         0
                text20                              CA9      CA9       57         0
                text19                              9E2      9E2       33         0
                text18                             13BA     13BA        4         0
                text17                             1617     1617       25         0
                text16                                4        4       31         0
                text15                             1458     1458       13         0
                text14                             1437     1437       10         0
                text13                              172      172       C9         0
                text12                              BD4      BD4       3D         0
                text11                              A4A      A4A       37         0
                text10                              AB8      AB8       38         0
                text9                               AF0      AF0       38         0
                text8                              13F9     13F9        E         0
                text7                               B60      B60       39         0
                text6                               A15      A15       35         0
                text5                               A81      A81       37         0
                text4                               304      304       F0         0
                text3                               800      800       10         0
                text2                               23B      23B       C9         0
                text1                               B28      B28       38         0
                maintext                             CE       CE       A4         0
                clrtext                            13DD     13DD        8         0
                inittext                           1447     1447       11         0
                idataBANK0h                        13D2     13D2        5         0
                idataBANK3                          E0D      E0D       5E         0
                idataBANK2                          D59      D59       59         0
                idataBANK1                          C5C      C5C       4D         0
                idataBANK0l                        13E5     13E5        8         0

        CLASS   STRCODE        

        CLASS   STRING         
                strings                            1000     1000        E         0

        CLASS   CONST          

        CLASS   ENTRY          

        CLASS   COMMON         
                cstackCOMMON                         70       70        E         1

        CLASS   BANK0          
                cstackBANK0h                         52       52       17         1
                dataBANK0l                           20       20        8         1
                bssBANK0l                            28       28        4         1
                dataBANK0h                           69       69        5         1
                bssBANK0h                            31       31       21         1
                bitbssBANK0h                        370       6E        1         1

        CLASS   BANK1          
                dataBANK1                            A0       A0       4D         1

        CLASS   BANK2          
                dataBANK2                           110      110       59         1

        CLASS   BANK3          
                dataBANK3                           190      190       5E         1

        CLASS   RAM            

        CLASS   ABS1           
                abs_s1                               30       30        1         1
                abs_s1                               7E       7E        2         1
                abs_s1                              187      187        0         1

        CLASS   SFR0           

        CLASS   SFR1           

        CLASS   SFR2           

        CLASS   SFR3           

        CLASS   CONFIG         
                config                             2007     2007        1         0

        CLASS   IDLOC          

        CLASS   EEDATA         



SEGMENTS        Name                           Load    Length   Top    Selector   Space  Class     Delta

                reset_vec                      000000  000003  000003         0       0  CODE        2
                text16                         000004  000031  000035         8       0  CODE        2
                dataBANK0l                     000020  00000C  00002C        20       1  BANK0       1
                bssBANK0h                      000031  00003E  00006F        31       1  BANK0       1
                text42                         000035  000099  0000CE        6A       0  CODE        2
                cstackCOMMON                   000070  00000E  00007E        70       1  COMMON      1
                dataBANK1                      0000A0  00004D  0000ED        A0       1  BANK1       1
                dataBANK2                      000110  000059  000169       110       1  BANK2       1
                dataBANK3                      000190  00005E  0001EE       190       1  BANK3       1
                maintext                       0000CE  0000A4  000172       19C       0  CODE        2
                text13                         000172  0000C9  00023B       2E4       0  CODE        2
                text2                          00023B  0000C9  000304       476       0  CODE        2
                text4                          000304  0000F0  0003F4       608       0  CODE        2
                text46                         0003F4  0001DD  0005D1       7E8       0  CODE        2
                text39                         0005D1  0001DD  0007AE       BA2       0  CODE        2
                cinit                          0007AE  000062  000810       F5C       0  CODE        2
                text59                         000810  00002A  00083A      1020       0  CODE        2
                text41                         00083A  00002A  000864      1074       0  CODE        2
                text33                         000864  00002A  00088E      10C8       0  CODE        2
                text31                         00088E  00002A  0008B8      111C       0  CODE        2
                text29                         0008B8  00002A  0008E2      1170       0  CODE        2
                text27                         0008E2  00002A  00090C      11C4       0  CODE        2
                text24                         00090C  00002A  000936      1218       0  CODE        2
                text23                         000936  00002A  000960      126C       0  CODE        2
                text22                         000960  00002A  00098A      12C0       0  CODE        2
                text21                         00098A  00002A  0009B4      1314       0  CODE        2
                text54                         0009B4  00002E  0009E2      1368       0  CODE        2
                text19                         0009E2  000033  000A15      13C4       0  CODE        2
                text6                          000A15  000035  000A4A      142A       0  CODE        2
                text11                         000A4A  000037  000A81      1494       0  CODE        2
                text5                          000A81  000037  000AB8      1502       0  CODE        2
                text10                         000AB8  000038  000AF0      1570       0  CODE        2
                text9                          000AF0  000038  000B28      15E0       0  CODE        2
                text1                          000B28  000038  000B60      1650       0  CODE        2
                text7                          000B60  000039  000B99      16C0       0  CODE        2
                text55                         000B99  00003B  000BD4      1732       0  CODE        2
                text12                         000BD4  00003D  000C11      17A8       0  CODE        2
                text47                         000C11  00004B  000C5C      1822       0  CODE        2
                idataBANK1                     000C5C  00004D  000CA9      18B8       0  CODE        2
                text20                         000CA9  000057  000D00      1952       0  CODE        2
                text48                         000D00  000059  000D59      1A00       0  CODE        2
                idataBANK2                     000D59  000059  000DB2      1AB2       0  CODE        2
                text63                         000DB2  00005B  000E0D      1B64       0  CODE        2
                idataBANK3                     000E0D  00005E  000E6B      1C1A       0  CODE        2
                text25                         000E6B  000076  000EE1      1CD6       0  CODE        2
                text36                         000EE1  000086  000F67      1DC2       0  CODE        2
                text44                         000F67  000099  001000      1ECE       0  CODE        2
                strings                        001000  00000E  00100E      2000       0  STRING      2
                text18                         0013BA  000004  0013BE      2774       0  CODE        2
                text73                         0013BE  000005  0013C3      277C       0  CODE        2
                text72                         0013C3  000005  0013C8      2786       0  CODE        2
                text51                         0013C8  000005  0013CD      2790       0  CODE        2
                text50                         0013CD  000005  0013D2      279A       0  CODE        2
                idataBANK0h                    0013D2  000005  0013D7      27A4       0  CODE        2
                text57                         0013D7  000006  0013DD      27AE       0  CODE        2
                clrtext                        0013DD  000008  0013E5      27BA       0  CODE        2
                idataBANK0l                    0013E5  000008  0013ED      27CA       0  CODE        2
                text56                         0013ED  00000C  0013F9      27DA       0  CODE        2
                text8                          0013F9  00000E  001407      27F2       0  CODE        2
                text75                         001407  000010  001417      280E       0  CODE        2
                text70                         001417  000010  001427      282E       0  CODE        2
                text60                         001427  000010  001437      284E       0  CODE        2
                text14                         001437  000010  001447      286E       0  CODE        2
                inittext                       001447  000011  001458      288E       0  CODE        2
                text15                         001458  000013  00146B      28B0       0  CODE        2
                text53                         00146B  000014  00147F      28D6       0  CODE        2
                text52                         00147F  000014  001493      28FE       0  CODE        2
                text49                         001493  000017  0014AA      2926       0  CODE        2
                text37                         0014AA  000017  0014C1      2954       0  CODE        2
                text71                         0014C1  00001B  0014DC      2982       0  CODE        2
                text68                         0014DC  00001F  0014FB      29B8       0  CODE        2
                text43                         0014FB  000020  00151B      29F6       0  CODE        2
                text74                         00151B  000022  00153D      2A36       0  CODE        2
                text69                         00153D  000024  001561      2A7A       0  CODE        2
                text45                         001561  000024  001585      2AC2       0  CODE        2
                text38                         001585  000024  0015A9      2B0A       0  CODE        2
                text34                         0015A9  000024  0015CD      2B52       0  CODE        2
                text61                         0015CD  000025  0015F2      2B9A       0  CODE        2
                text40                         0015F2  000025  001617      2BE4       0  CODE        2
                text17                         001617  000025  00163C      2C2E       0  CODE        2
                text62                         00163C  000026  001662      2C78       0  CODE        2
                text58                         001662  000029  00168B      2CC4       0  CODE        2
                text35                         00168B  000029  0016B4      2D16       0  CODE        2
                text32                         0016B4  000029  0016DD      2D68       0  CODE        2
                text30                         0016DD  000029  001706      2DBA       0  CODE        2
                text28                         001706  000029  00172F      2E0C       0  CODE        2
                text26                         00172F  000029  001758      2E5E       0  CODE        2
                text67                         001758  00002A  001782      2EB0       0  CODE        2
                text66                         001782  00002A  0017AC      2F04       0  CODE        2
                text65                         0017AC  00002A  0017D6      2F58       0  CODE        2
                text64                         0017D6  00002A  001800      2FAC       0  CODE        2
                config                         002007  000001  002008      400E       0  CONFIG      2


UNUSED ADDRESS RANGES

        Name                Unused          Largest block    Delta
        BANK0            002C-002F              4           1
                         006F-006F              1
        BANK1            00ED-00EF              3           1
        BANK2            0169-016F              7           1
        BANK3            01EE-01EF              2           1
        CODE             0003-0003              1           2
                         100E-13B9            3AC
                         1800-1FFF            800
        CONST            0003-0003              1           2
                         100E-13B9            100
                         1800-1FFF            100
        EEDATA           2100-21FF            100           2
        ENTRY            0003-0003              1           2
                         100E-13B9            100
                         1800-1FFF            100
        IDLOC            2000-2003              4           2
        RAM              002C-002F              4           1
                         006F-006F              1
                         00ED-00EF              3
                         0169-016F              7
                         01EE-01EF              2
        SFR0             0000-001F             20           1
        SFR1             0080-009F             20           1
        SFR2             0100-010F             10           1
        SFR3             0180-018F             10           1
        STACK            0169-016F              7           1
        STRCODE          0003-0003              1           2
                         100E-13B9            3AC
                         1800-1FFF            800
        STRING           0003-0003              1           2
                         100E-13B9            100
                         1800-1FFF            100

                                  Symbol Table

?___awdiv                       cstackCOMMON 0070
?___awmod                       cstackCOMMON 0070
ButtonGrid@F1241                dataBANK0l   0020
ButtonGrid@F1243                dataBANK1    00E7
Clock@time_rx7                  (abs)        0187
LCDdelay2@i                     cstackCOMMON 0070
LCDdelay3@i                     cstackCOMMON 0070
LCDdelay@i                      cstackCOMMON 0070
_ADCON1                         (abs)        009F
_Cinit                          text17       1617
_LCDdelay                       text75       1407
_LCDdelay2                      text60       1427
_LCDdelay3                      text70       1417
_LCDsetup                       text49       1493
_PORTA                          (abs)        0005
_PORTC                          (abs)        0007
_PORTD                          (abs)        0008
_RA0                            (abs)        0028
_RA1                            (abs)        0029
_RA2                            (abs)        002A
_RA3                            (abs)        002B
_RB0                            (abs)        0030
_RB4                            (abs)        0034
_RB5                            (abs)        0035
_RB7                            (abs)        0037
_RC0                            (abs)        0038
_RC1                            (abs)        0039
_RC2                            (abs)        003A
_RC3                            (abs)        003B
_RC4                            (abs)        003C
_RC5                            (abs)        003D
_RC6                            (abs)        003E
_RC7                            (abs)        003F
_Return                         text71       14C1
_TRISA                          (abs)        0085
_TRISA0                         (abs)        0428
_TRISB                          (abs)        0086
_TRISB4                         (abs)        0434
_TRISC                          (abs)        0087
_TRISD                          (abs)        0088
_TriggerTemp                    bssBANK0h    003D
__CFG_BOREN$OFF                 (abs)        0000
__CFG_FOSC$HS                   (abs)        0000
__CFG_LVP$OFF                   (abs)        0000
__CFG_PWRTE$ON                  (abs)        0000
__CFG_WDTE$OFF                  (abs)        0000
__Habs1                         abs1         0000
__Hbank0                        bank0        0000
__Hbank1                        bank1        0000
__Hbank2                        bank2        0000
__Hbank3                        bank3        0000
__HbitbssBANK0h                 bitbssBANK0h 0000
__HbssBANK0h                    bssBANK0h    0000
__HbssBANK0l                    bssBANK0l    0000
__Hcinit                        cinit        0800
__Hclrtext                      clrtext      0000
__Hcode                         code         0000
__Hcommon                       common       0000
__Hconfig                       config       2008
__HcstackBANK0h                 cstackBANK0h 0000
__HcstackCOMMON                 cstackCOMMON 0000
__HdataBANK0h                   dataBANK0h   0000
__HdataBANK0l                   dataBANK0l   0000
__HdataBANK1                    dataBANK1    0000
__HdataBANK2                    dataBANK2    0000
__HdataBANK3                    dataBANK3    0000
__Heeprom_data                  eeprom_data  0000
__Hend_init                     end_init     0003
__Hfunctab                      functab      0000
__HidataBANK0h                  idataBANK0h  0000
__HidataBANK0l                  idataBANK0l  0000
__HidataBANK1                   idataBANK1   0000
__HidataBANK2                   idataBANK2   0000
__HidataBANK3                   idataBANK3   0000
__Hidloc                        idloc        0000
__Hinit                         init         0000
__Hinittext                     inittext     0000
__Hintentry                     intentry     0000
__Hmaintext                     maintext     0000
__Hpowerup                      powerup      0000
__Hram                          ram          0000
__Hreset_vec                    reset_vec    0000
__Hsfr0                         sfr0         0000
__Hsfr1                         sfr1         0000
__Hsfr2                         sfr2         0000
__Hsfr3                         sfr3         0000
__Hspace_0                      (abs)        2008
__Hspace_1                      (abs)        0371
__Hspace_2                      (abs)        0000
__Hspace_3                      (abs)        0000
__Hstack                        stack        0000
__Hstrings                      strings      0000
__Htext                         text         0000
__Labs1                         abs1         0000
__Lbank0                        bank0        0000
__Lbank1                        bank1        0000
__Lbank2                        bank2        0000
__Lbank3                        bank3        0000
__LbitbssBANK0h                 bitbssBANK0h 0000
__LbssBANK0h                    bssBANK0h    0000
__LbssBANK0l                    bssBANK0l    0000
__Lcinit                        cinit        07AE
__Lclrtext                      clrtext      0000
__Lcode                         code         0000
__Lcommon                       common       0000
__Lconfig                       config       2007
__LcstackBANK0h                 cstackBANK0h 0000
__LcstackCOMMON                 cstackCOMMON 0000
__LdataBANK0h                   dataBANK0h   0000
__LdataBANK0l                   dataBANK0l   0000
__LdataBANK1                    dataBANK1    0000
__LdataBANK2                    dataBANK2    0000
__LdataBANK3                    dataBANK3    0000
__Leeprom_data                  eeprom_data  0000
__Lend_init                     end_init     0000
__Lfunctab                      functab      0000
__LidataBANK0h                  idataBANK0h  0000
__LidataBANK0l                  idataBANK0l  0000
__LidataBANK1                   idataBANK1   0000
__LidataBANK2                   idataBANK2   0000
__LidataBANK3                   idataBANK3   0000
__Lidloc                        idloc        0000
__Linit                         init         0000
__Linittext                     inittext     0000
__Lintentry                     intentry     0000
__Lmaintext                     maintext     0000
__Lpowerup                      powerup      0000
__Lram                          ram          0000
__Lreset_vec                    reset_vec    0000
__Lsfr0                         sfr0         0000
__Lsfr1                         sfr1         0000
__Lsfr2                         sfr2         0000
__Lsfr3                         sfr3         0000
__Lspace_0                      (abs)        0000
__Lspace_1                      (abs)        0000
__Lspace_2                      (abs)        0000
__Lspace_3                      (abs)        0000
__Lstack                        stack        0000
__Lstrings                      strings      0000
__Ltext                         text         0000
__S0                            (abs)        2008
__S1                            (abs)        01EE
__S2                            (abs)        0000
__S3                            (abs)        0000
___awdiv                        text48       0D00
___awdiv@counter                cstackCOMMON 0075
___awdiv@dividend               cstackCOMMON 0072
___awdiv@divisor                cstackCOMMON 0070
___awdiv@quotient               cstackCOMMON 0077
___awdiv@sign                   cstackCOMMON 0076
___awmod                        text47       0C11
___awmod@counter                cstackCOMMON 0075
___awmod@dividend               cstackCOMMON 0072
___awmod@divisor                cstackCOMMON 0070
___awmod@sign                   cstackCOMMON 0076
___int_sp                       stack        0000
___latbits                      (abs)        0002
___sp                           stack        0000
__end_of_Cinit                  text17       163C
__end_of_LCDdelay               text75       1417
__end_of_LCDdelay2              text60       1437
__end_of_LCDdelay3              text70       1427
__end_of_LCDsetup               text49       14AA
__end_of_Return                 text71       14DC
__end_of___awdiv                text48       0D59
__end_of___awmod                text47       0C5C
__end_of__initialization        cinit        07FC
__end_of__stringtab             strings      1006
__end_of_activateZones          text63       0E0D
__end_of_activateZonesMode      text61       15F2
__end_of_alarmOff               text59       083A
__end_of_alarmOn                text58       168B
__end_of_alarmOnOff             text54       09E2
__end_of_buttondelay            text14       1447
__end_of_buttonsetup            text37       14C1
__end_of_buzzer2                text52       1493
__end_of_changeDate             text46       05D1
__end_of_changeDateMode         text45       1585
__end_of_changeDelay            text44       1000
__end_of_changeDelayMode        text43       151B
__end_of_changeTemp             text42       00CE
__end_of_changeTempMode         text40       1617
__end_of_changeTime             text39       07AE
__end_of_changeTimeMode         text38       15A9
__end_of_changeTriggerMessage   text41       0864
__end_of_checkButtons           text36       0F67
__end_of_checkZoneMessage       text35       16B4
__end_of_checkZones             text34       15CD
__end_of_checkZones2            text25       0EE1
__end_of_clearDisplay           text73       13C3
__end_of_clockInit              text15       146B
__end_of_deactivateZones        text20       0D00
__end_of_delay                  text53       147F
__end_of_delaySeconds           text19       0A15
__end_of_display                text2        0304
__end_of_displayDate            text13       023B
__end_of_displayOn              text51       13CD
__end_of_getTemperature         text4        03F4
__end_of_getTime                text11       0A81
__end_of_init                   text18       13BE
__end_of_main                   maintext     0172
__end_of_modeSelect             text55       0BD4
__end_of_readByte               text7        0B99
__end_of_readTime               text12       0C11
__end_of_reset                  text6        0A4A
__end_of_resetCursor            text72       13C8
__end_of_setTime                text10       0AF0
__end_of_showDate               text9        0B28
__end_of_showTemp               text3        0810
__end_of_showTime               text1        0B60
__end_of_table                  strings      100E
__end_of_tempDelay              text8        1407
__end_of_turnon2linemode        text50       13D2
__end_of_writeByte              text5        0AB8
__end_of_writeChar              text69       1561
__end_of_writeCmd               text74       153D
__end_of_writeMessage           text68       14FB
__end_of_writeMessageline1      text57       13DD
__end_of_writeMessageline2      text56       13F9
__end_of_writeTime              text16       0035
__end_of_zone0Activate          text67       1782
__end_of_zone0Alert             text33       088E
__end_of_zone0Deactivate        text24       0936
__end_of_zone0OK                text32       16DD
__end_of_zone1Activate          text66       17AC
__end_of_zone1Alert             text31       08B8
__end_of_zone1Deactivate        text23       0960
__end_of_zone1OK                text30       1706
__end_of_zone2Activate          text65       17D6
__end_of_zone2Alert             text29       08E2
__end_of_zone2Deactivate        text22       098A
__end_of_zone2OK                text28       172F
__end_of_zone3Activate          text64       1800
__end_of_zone3Alert             text27       090C
__end_of_zone3Deactivate        text21       09B4
__end_of_zone3OK                text26       1758
__end_of_zoneActivate           text62       1662
__initialization                cinit        07AE
__pbitbssBANK0h                 bitbssBANK0h 0370
__pbssBANK0h                    bssBANK0h    0031
__pbssBANK0l                    bssBANK0l    0028
__pcstackBANK0h                 cstackBANK0h 0052
__pcstackCOMMON                 cstackCOMMON 0070
__pdataBANK0h                   dataBANK0h   0069
__pdataBANK0l                   dataBANK0l   0020
__pdataBANK1                    dataBANK1    00A0
__pdataBANK2                    dataBANK2    0110
__pdataBANK3                    dataBANK3    0190
__pidataBANK0h                  idataBANK0h  13D2
__pidataBANK0l                  idataBANK0l  13E5
__pidataBANK1                   idataBANK1   0C5C
__pidataBANK2                   idataBANK2   0D59
__pidataBANK3                   idataBANK3   0E0D
__pmaintext                     maintext     00CE
__pstrings                      strings      1000
__ptext1                        text1        0B28
__ptext10                       text10       0AB8
__ptext11                       text11       0A4A
__ptext12                       text12       0BD4
__ptext13                       text13       0172
__ptext14                       text14       1437
__ptext15                       text15       1458
__ptext16                       text16       0004
__ptext17                       text17       1617
__ptext18                       text18       13BA
__ptext19                       text19       09E2
__ptext2                        text2        023B
__ptext20                       text20       0CA9
__ptext21                       text21       098A
__ptext22                       text22       0960
__ptext23                       text23       0936
__ptext24                       text24       090C
__ptext25                       text25       0E6B
__ptext26                       text26       172F
__ptext27                       text27       08E2
__ptext28                       text28       1706
__ptext29                       text29       08B8
__ptext3                        text3        0800
__ptext30                       text30       16DD
__ptext31                       text31       088E
__ptext32                       text32       16B4
__ptext33                       text33       0864
__ptext34                       text34       15A9
__ptext35                       text35       168B
__ptext36                       text36       0EE1
__ptext37                       text37       14AA
__ptext38                       text38       1585
__ptext39                       text39       05D1
__ptext4                        text4        0304
__ptext40                       text40       15F2
__ptext41                       text41       083A
__ptext42                       text42       0035
__ptext43                       text43       14FB
__ptext44                       text44       0F67
__ptext45                       text45       1561
__ptext46                       text46       03F4
__ptext47                       text47       0C11
__ptext48                       text48       0D00
__ptext49                       text49       1493
__ptext5                        text5        0A81
__ptext50                       text50       13CD
__ptext51                       text51       13C8
__ptext52                       text52       147F
__ptext53                       text53       146B
__ptext54                       text54       09B4
__ptext55                       text55       0B99
__ptext56                       text56       13ED
__ptext57                       text57       13D7
__ptext58                       text58       1662
__ptext59                       text59       0810
__ptext6                        text6        0A15
__ptext60                       text60       1427
__ptext61                       text61       15CD
__ptext62                       text62       163C
__ptext63                       text63       0DB2
__ptext64                       text64       17D6
__ptext65                       text65       17AC
__ptext66                       text66       1782
__ptext67                       text67       1758
__ptext68                       text68       14DC
__ptext69                       text69       153D
__ptext7                        text7        0B60
__ptext70                       text70       1417
__ptext71                       text71       14C1
__ptext72                       text72       13C3
__ptext73                       text73       13BE
__ptext74                       text74       151B
__ptext75                       text75       1407
__ptext8                        text8        13F9
__ptext9                        text9        0AF0
__size_of_Cinit                 (abs)        0000
__size_of_LCDdelay              (abs)        0000
__size_of_LCDdelay2             (abs)        0000
__size_of_LCDdelay3             (abs)        0000
__size_of_LCDsetup              (abs)        0000
__size_of_Return                (abs)        0000
__size_of___awdiv               (abs)        0000
__size_of___awmod               (abs)        0000
__size_of_activateZones         (abs)        0000
__size_of_activateZonesMode     (abs)        0000
__size_of_alarmOff              (abs)        0000
__size_of_alarmOn               (abs)        0000
__size_of_alarmOnOff            (abs)        0000
__size_of_buttondelay           (abs)        0000
__size_of_buttonsetup           (abs)        0000
__size_of_buzzer2               (abs)        0000
__size_of_changeDate            (abs)        0000
__size_of_changeDateMode        (abs)        0000
__size_of_changeDelay           (abs)        0000
__size_of_changeDelayMode       (abs)        0000
__size_of_changeTemp            (abs)        0000
__size_of_changeTempMode        (abs)        0000
__size_of_changeTime            (abs)        0000
__size_of_changeTimeMode        (abs)        0000
__size_of_changeTriggerMessage  (abs)        0000
__size_of_checkButtons          (abs)        0000
__size_of_checkZoneMessage      (abs)        0000
__size_of_checkZones            (abs)        0000
__size_of_checkZones2           (abs)        0000
__size_of_clearDisplay          (abs)        0000
__size_of_clockInit             (abs)        0000
__size_of_deactivateZones       (abs)        0000
__size_of_delay                 (abs)        0000
__size_of_delaySeconds          (abs)        0000
__size_of_display               (abs)        0000
__size_of_displayDate           (abs)        0000
__size_of_displayOn             (abs)        0000
__size_of_getTemperature        (abs)        0000
__size_of_getTime               (abs)        0000
__size_of_init                  (abs)        0000
__size_of_main                  (abs)        0000
__size_of_modeSelect            (abs)        0000
__size_of_readByte              (abs)        0000
__size_of_readTime              (abs)        0000
__size_of_reset                 (abs)        0000
__size_of_resetCursor           (abs)        0000
__size_of_setTime               (abs)        0000
__size_of_showDate              (abs)        0000
__size_of_showTemp              (abs)        0000
__size_of_showTime              (abs)        0000
__size_of_tempDelay             (abs)        0000
__size_of_turnon2linemode       (abs)        0000
__size_of_writeByte             (abs)        0000
__size_of_writeChar             (abs)        0000
__size_of_writeCmd              (abs)        0000
__size_of_writeMessage          (abs)        0000
__size_of_writeMessageline1     (abs)        0000
__size_of_writeMessageline2     (abs)        0000
__size_of_writeTime             (abs)        0000
__size_of_zone0Activate         (abs)        0000
__size_of_zone0Alert            (abs)        0000
__size_of_zone0Deactivate       (abs)        0000
__size_of_zone0OK               (abs)        0000
__size_of_zone1Activate         (abs)        0000
__size_of_zone1Alert            (abs)        0000
__size_of_zone1Deactivate       (abs)        0000
__size_of_zone1OK               (abs)        0000
__size_of_zone2Activate         (abs)        0000
__size_of_zone2Alert            (abs)        0000
__size_of_zone2Deactivate       (abs)        0000
__size_of_zone2OK               (abs)        0000
__size_of_zone3Activate         (abs)        0000
__size_of_zone3Alert            (abs)        0000
__size_of_zone3Deactivate       (abs)        0000
__size_of_zone3OK               (abs)        0000
__size_of_zoneActivate          (abs)        0000
__stringbase                    strings      1005
__stringtab                     strings      1000
_activateZones                  text63       0DB2
_activateZonesMode              text61       15CD
_alarmOff                       text59       0810
_alarmOn                        text58       1662
_alarmOnOff                     text54       09B4
_alarmOnOrOff                   bssBANK0h    004C
_alertChange                    bssBANK0l    0029
_buttondelay                    text14       1437
_buttonsetup                    text37       14AA
_buzzer2                        text52       147F
_changeDate                     text46       03F4
_changeDateMode                 text45       1561
_changeDelay                    text44       0F67
_changeDelayMode                text43       14FB
_changeTemp                     text42       0035
_changeTempMode                 text40       15F2
_changeTime                     text39       05D1
_changeTimeMode                 text38       1585
_changeTriggerMessage           text41       083A
_checkButtons                   text36       0EE1
_checkZoneMessage               text35       168B
_checkZones                     text34       15A9
_checkZones2                    text25       0E6B
_clearDisplay                   text73       13BE
_clockInit                      text15       1458
_col                            bssBANK0h    003A
_dateChange                     bssBANK0h    003F
_deactivateZones                text20       0CA9
_decimalNumber                  bssBANK0h    004D
_delay                          text53       146B
_delayChange                    bssBANK0h    003E
_delaySeconds                   text19       09E2
_delayValue                     bssBANK0h    003C
_display                        text2        023B
_displayDate                    text13       0172
_displayOn                      text51       13C8
_durationChange                 bssBANK0l    002A
_getTemperature                 text4        0304
_getTime                        text11       0A4A
_init                           text18       13BA
_main                           maintext     00CE
_modeSelect                     text55       0B99
_readByte                       text7        0B60
_readTime                       text12       0BD4
_reset                          text6        0A15
_resetCursor                    text72       13C3
_row                            bssBANK0h    0038
_setTime                        text10       0AB8
_showDate                       text9        0AF0
_showTemp                       text3        0800
_showTime                       text1        0B28
_table                          strings      1006
_table1                         bssBANK0h    0031
_tempChange                     bssBANK0h    0041
_tempDelay                      text8        13F9
_tempHigh                       bssBANK0h    004F
_tempLow                        bssBANK0h    0050
_tempValue                      bssBANK0h    004E
_timeChange                     bssBANK0h    0040
_time_rx                        (abs)        0030
_time_rx7                       (abs)        0187
_turnon2linemode                text50       13CD
_value                          bssBANK0h    0051
_writeByte                      text5        0A81
_writeChar                      text69       153D
_writeCmd                       text74       151B
_writeMessage                   text68       14DC
_writeMessageline1              text57       13D7
_writeMessageline2              text56       13ED
_writeTime                      text16       0004
_zone0Activate                  text67       1758
_zone0Alert                     text33       0864
_zone0Alerted                   bssBANK0h    0045
_zone0Deactivate                text24       090C
_zone0OK                        text32       16B4
_zone0On                        bssBANK0h    0049
_zone1Activate                  text66       1782
_zone1Alert                     text31       088E
_zone1Alerted                   bssBANK0h    0044
_zone1Deactivate                text23       0936
_zone1OK                        text30       16DD
_zone1On                        bssBANK0h    0048
_zone2Activate                  text65       17AC
_zone2Alert                     text29       08B8
_zone2Alerted                   bssBANK0h    0043
_zone2Deactivate                text22       0960
_zone2OK                        text28       1706
_zone2On                        bssBANK0h    0047
_zone3Activate                  text64       17D6
_zone3Alert                     text27       08E2
_zone3Alerted                   bssBANK0h    0042
_zone3Deactivate                text21       098A
_zone3OK                        text26       172F
_zone3On                        bssBANK0h    0046
_zoneActMode                    bssBANK0h    004B
_zoneActivate                   text62       163C
_zoneCheck                      bssBANK0h    004A
alarmOff@F1211                  dataBANK3    01E4
alarmOff@message                cstackBANK0h 0052
alarmOn@F1208                   dataBANK1    00D1
alarmOn@message                 cstackBANK0h 0052
btemp                           (abs)        007E
buttondelay@i                   cstackCOMMON 0070
changeDate@daytens              cstackBANK0h 0052
changeDate@dayunits             cstackBANK0h 0053
changeDate@montens              cstackBANK0h 0054
changeDate@monunits             cstackBANK0h 0055
changeDate@yeartens             cstackBANK0h 0056
changeDate@yearunits            cstackBANK0h 0057
changeDelay@tens                cstackCOMMON 007C
changeDelay@units               cstackCOMMON 007D
changeTemp@tens                 cstackCOMMON 007C
changeTemp@units                cstackCOMMON 007D
changeTime@hourtens             cstackBANK0h 0056
changeTime@hourunits            cstackBANK0h 0057
changeTime@mintens              cstackBANK0h 0054
changeTime@minunits             cstackBANK0h 0055
changeTime@sectens              cstackBANK0h 0052
changeTime@secunits             cstackBANK0h 0053
changeTriggerMessage@F1258      dataBANK2    0151
changeTriggerMessage@messagerow cstackBANK0h 0052
checkButtons@rval               cstackCOMMON 0070
checkZoneMessage@F1255          dataBANK1    00E1
checkZoneMessage@messagerow     cstackCOMMON 0078
clear_ram0                      clrtext      13DD
currentTemp@F1203               dataBANK1    00DA
currentTemp@F1205               dataBANK2    0110
delay@i                         cstackCOMMON 0070
delaySeconds@d                  cstackCOMMON 0070
delaySeconds@i                  cstackCOMMON 0073
delaySeconds@j                  cstackCOMMON 0075
display@hoursTens               cstackBANK0h 0056
display@hoursUnits              cstackBANK0h 0057
display@minutesTens             cstackBANK0h 0054
display@minutesUnits            cstackBANK0h 0055
display@tens                    cstackBANK0h 0052
display@units                   cstackBANK0h 0053
display@value                   cstackBANK0h 0058
display@value1                  cstackBANK0h 0059
display@value2                  cstackBANK0h 005A
displayDate@hoursTens           cstackBANK0h 0056
displayDate@hoursUnits          cstackBANK0h 0057
displayDate@minutesTens         cstackBANK0h 0054
displayDate@minutesUnits        cstackBANK0h 0055
displayDate@tens                cstackBANK0h 0052
displayDate@units               cstackBANK0h 0053
displayDate@value               cstackBANK0h 0058
displayDate@value1              cstackBANK0h 0059
displayDate@value2              cstackBANK0h 005A
end_of_initialization           cinit        07FC
getTemperature@decimal          cstackBANK0h 0052
getTemperature@tens             cstackBANK0h 0053
getTemperature@tensDecimal      cstackBANK0h 0055
getTemperature@units            cstackBANK0h 0054
getTime@i                       cstackCOMMON 0076
init_fetch0                     inittext     1447
init_ram0                       inittext     144B
intlevel0                       functab      0000
intlevel1                       functab      0000
intlevel2                       functab      0000
intlevel3                       functab      0000
intlevel4                       functab      0000
intlevel5                       functab      0000
modeSelect@F1246                dataBANK1    00C8
modeSelect@F1248                dataBANK2    015D
modeSelect@messagecol           cstackBANK0h 0052
modeSelect@messagerow           cstackBANK0h 005E
readByte@i                      cstackCOMMON 0076
readByte@j                      bitbssBANK0h 0370
readByte@value                  cstackCOMMON 0075
readTime@j                      cstackCOMMON 0072
reset@presance                  cstackCOMMON 0075
reset_vec                       reset_vec    0000
setTime@i                       cstackCOMMON 0075
stackhi                         (abs)        0000
stacklo                         (abs)        0000
start                           init         0000
start_initialization            cinit        07AE
tempDelay@x                     cstackCOMMON 0072
tempDelay@y                     cstackCOMMON 0070
tempDelay@z                     cstackCOMMON 0073
writeByte@i                     cstackCOMMON 0078
writeByte@temp                  cstackCOMMON 0076
writeByte@value                 cstackCOMMON 0077
writeChar@var                   cstackCOMMON 0072
writeCmd@cmd                    cstackCOMMON 0072
writeMessage@i                  cstackCOMMON 0074
writeMessage@message            cstackCOMMON 0076
writeMessageline1@message       cstackCOMMON 0077
writeMessageline2@message       cstackCOMMON 0077
writeTime@i                     cstackCOMMON 0072
writeTime@timeClock             cstackCOMMON 0074
wtemp0                          (abs)        007E
zone0Activate@F1214             dataBANK3    01DA
zone0Activate@message           cstackBANK0h 0052
zone0Alert@F1191                dataBANK2    0144
zone0Alert@message              cstackBANK0h 0052
zone0Deactivate@F1226           dataBANK3    01B1
zone0Deactivate@message         cstackBANK0h 0052
zone0OK@F1179                   dataBANK1    00BE
zone0OK@message                 cstackBANK0h 0052
zone1Activate@F1217             dataBANK3    01D0
zone1Activate@message           cstackBANK0h 0052
zone1Alert@F1194                dataBANK2    0137
zone1Alert@message              cstackBANK0h 0052
zone1Deactivate@F1229           dataBANK3    01A6
zone1Deactivate@message         cstackBANK0h 0052
zone1OK@F1182                   dataBANK1    00B4
zone1OK@message                 cstackBANK0h 0052
zone2Activate@F1220             dataBANK3    01C6
zone2Activate@message           cstackBANK0h 0052
zone2Alert@F1197                dataBANK2    012A
zone2Alert@message              cstackBANK0h 0052
zone2Deactivate@F1232           dataBANK3    019B
zone2Deactivate@message         cstackBANK0h 0052
zone2OK@F1185                   dataBANK1    00AA
zone2OK@message                 cstackBANK0h 0052
zone3Activate@F1223             dataBANK3    01BC
zone3Activate@message           cstackBANK0h 0052
zone3Alert@F1200                dataBANK2    011D
zone3Alert@message              cstackBANK0h 0052
zone3Deactivate@F1235           dataBANK3    0190
zone3Deactivate@message         cstackBANK0h 0052
zone3OK@F1188                   dataBANK1    00A0
zone3OK@message                 cstackBANK0h 0052
zoneActivate@F1238              dataBANK0h   0069
zoneActivate@message            cstackCOMMON 0077


FUNCTION INFORMATION:

 *************** function _main *****************
 Defined at:
		line 815 in file "main.c"
 Parameters:    Size  Location     Type
		None
 Auto vars:     Size  Location     Type
		None
 Return value:  Size  Location     Type
                  1    wreg      void 
 Registers used:
		wreg, fsr0l, fsr0h, status,2, status,0, btemp+1, pclath, cstack
 Tracked objects:
		On entry : 
		On exit  : 
		Unchanged: 
 Data sizes:     COMMON  BANK0h  BANK0l   BANK1   BANK3   BANK2
      Params:         0       0       0       0       0       0
      Locals:         0       0       0       0       0       0
      Temps:          0       2       0       0       0       0
      Totals:         0       2       0       0       0       0
Total ram usage:        2 bytes
 Hardware stack levels required when called:    6
 This function calls:
		_LCDsetup
		_Return
		_activateZones
		_activateZonesMode
		_alarmOnOff
		_buzzer2
		_changeDate
		_changeDateMode
		_changeDelay
		_changeDelayMode
		_changeTemp
		_changeTempMode
		_changeTime
		_changeTimeMode
		_checkButtons
		_checkZones
		_checkZones2
		_deactivateZones
		_delaySeconds
		_init
		_showDate
		_showTemp
		_showTime
 This function is called by:
		Startup code after reset
 This function uses a non-reentrant model


 *************** function _showTime *****************
 Defined at:
		line 309 in file "main.c"
 Parameters:    Size  Location     Type
		None
 Auto vars:     Size  Location     Type
		None
 Return value:  Size  Location     Type
                  1    wreg      void 
 Registers used:
		wreg, fsr0l, fsr0h, status,2, status,0, btemp+1, pclath, cstack
 Tracked objects:
		On entry : 
		On exit  : 
		Unchanged: 
 Data sizes:     COMMON  BANK0h  BANK0l   BANK1   BANK3   BANK2
      Params:         0       0       0       0       0       0
      Locals:         0       0       0       0       0       0
      Temps:          0       0       0       0       0       0
      Totals:         0       0       0       0       0       0
Total ram usage:        0 bytes
 Hardware stack levels used:    1
 Hardware stack levels required when called:    3
 This function calls:
		_Cinit
		_clockInit
		_display
		_getTime
		_setTime
 This function is called by:
		_main
 This function uses a non-reentrant model


 *************** function _display *****************
 Defined at:
		line 113 in file "clock.c"
 Parameters:    Size  Location     Type
		None
 Auto vars:     Size  Location     Type
  i               2    0        int 
  value2          1    8[BANK0h] unsigned char 
  value1          1    7[BANK0h] unsigned char 
  value           1    6[BANK0h] unsigned char 
  hoursUnits      1    5[BANK0h] unsigned char 
  hoursTens       1    4[BANK0h] unsigned char 
  minutesUnits    1    3[BANK0h] unsigned char 
  minutesTens     1    2[BANK0h] unsigned char 
  units           1    1[BANK0h] unsigned char 
  tens            1    0[BANK0h] unsigned char 
 Return value:  Size  Location     Type
                  1    wreg      void 
 Registers used:
		wreg, status,2, status,0, pclath, cstack
 Tracked objects:
		On entry : 
		On exit  : 
		Unchanged: 
 Data sizes:     COMMON  BANK0h  BANK0l   BANK1   BANK3   BANK2
      Params:         0       0       0       0       0       0
      Locals:         0       9       0       0       0       0
      Temps:          3       0       0       0       0       0
      Totals:         3       9       0       0       0       0
Total ram usage:       12 bytes
 Hardware stack levels used:    1
 Hardware stack levels required when called:    2
 This function calls:
		___awdiv
		_buttondelay
		_writeChar
		_writeCmd
 This function is called by:
		_showTime
 This function uses a non-reentrant model


 *************** function _showTemp *****************
 Defined at:
		line 283 in file "main.c"
 Parameters:    Size  Location     Type
		None
 Auto vars:     Size  Location     Type
		None
 Return value:  Size  Location     Type
                  1    wreg      void 
 Registers used:
		wreg, status,2, status,0, btemp+1, pclath, cstack
 Tracked objects:
		On entry : 
		On exit  : 
		Unchanged: 
 Data sizes:     COMMON  BANK0h  BANK0l   BANK1   BANK3   BANK2
      Params:         0       0       0       0       0       0
      Locals:         0       0       0       0       0       0
      Temps:          0       0       0       0       0       0
      Totals:         0       0       0       0       0       0
Total ram usage:        0 bytes
 Hardware stack levels used:    1
 Hardware stack levels required when called:    3
 This function calls:
		_getTemperature
 This function is called by:
		_main
 This function uses a non-reentrant model


 *************** function _getTemperature *****************
 Defined at:
		line 164 in file "temperature.c"
 Parameters:    Size  Location     Type
		None
 Auto vars:     Size  Location     Type
  tensDecimal     1    3[BANK0h] unsigned char 
  units           1    2[BANK0h] unsigned char 
  tens            1    1[BANK0h] unsigned char 
  decimal         1    0[BANK0h] unsigned char 
 Return value:  Size  Location     Type
                  1    wreg      void 
 Registers used:
		wreg, status,2, status,0, btemp+1, pclath, cstack
 Tracked objects:
		On entry : 
		On exit  : 
		Unchanged: 
 Data sizes:     COMMON  BANK0h  BANK0l   BANK1   BANK3   BANK2
      Params:         0       0       0       0       0       0
      Locals:         0       4       0       0       0       0
      Temps:          3       0       0       0       0       0
      Totals:         3       4       0       0       0       0
Total ram usage:        7 bytes
 Hardware stack levels used:    1
 Hardware stack levels required when called:    2
 This function calls:
		___awdiv
		___awmod
		_delay
		_readByte
		_reset
		_tempDelay
		_writeByte
		_writeChar
 This function is called by:
		_showTemp
 This function uses a non-reentrant model


 *************** function _writeByte *****************
 Defined at:
		line 54 in file "temperature.c"
 Parameters:    Size  Location     Type
  value           1    wreg     unsigned char 
 Auto vars:     Size  Location     Type
  value           1    7[COMMON] unsigned char 
  i               1    8[COMMON] unsigned char 
  temp            1    6[COMMON] unsigned char 
 Return value:  Size  Location     Type
                  1    wreg      void 
 Registers used:
		wreg, status,2, status,0, pclath, cstack
 Tracked objects:
		On entry : 
		On exit  : 
		Unchanged: 
 Data sizes:     COMMON  BANK0h  BANK0l   BANK1   BANK3   BANK2
      Params:         0       0       0       0       0       0
      Locals:         3       0       0       0       0       0
      Temps:          2       0       0       0       0       0
      Totals:         5       0       0       0       0       0
Total ram usage:        5 bytes
 Hardware stack levels used:    1
 Hardware stack levels required when called:    1
 This function calls:
		_tempDelay
 This function is called by:
		_getTemperature
 This function uses a non-reentrant model


 *************** function _reset *****************
 Defined at:
		line 32 in file "temperature.c"
 Parameters:    Size  Location     Type
		None
 Auto vars:     Size  Location     Type
  presance        1    5[COMMON] unsigned char 
 Return value:  Size  Location     Type
                  1    wreg      void 
 Registers used:
		wreg, status,2, status,0, pclath, cstack
 Tracked objects:
		On entry : 
		On exit  : 
		Unchanged: 
 Data sizes:     COMMON  BANK0h  BANK0l   BANK1   BANK3   BANK2
      Params:         0       0       0       0       0       0
      Locals:         1       0       0       0       0       0
      Temps:          1       0       0       0       0       0
      Totals:         2       0       0       0       0       0
Total ram usage:        2 bytes
 Hardware stack levels used:    1
 Hardware stack levels required when called:    1
 This function calls:
		_tempDelay
 This function is called by:
		_getTemperature
 This function uses a non-reentrant model


 *************** function _readByte *****************
 Defined at:
		line 80 in file "temperature.c"
 Parameters:    Size  Location     Type
		None
 Auto vars:     Size  Location     Type
  i               1    6[COMMON] unsigned char 
  value           1    5[COMMON] unsigned char 
 Return value:  Size  Location     Type
                  1    wreg      unsigned char 
 Registers used:
		wreg, status,2, status,0, pclath, cstack
 Tracked objects:
		On entry : 
		On exit  : 
		Unchanged: 
 Data sizes:     COMMON  BANK0h  BANK0l   BANK1   BANK3   BANK2
      Params:         0       0       0       0       0       0
      Locals:         2       0       0       0       0       0
      Temps:          1       0       0       0       0       0
      Totals:         3       0       0       0       0       0
Total ram usage:        3 bytes
 Hardware stack levels used:    1
 Hardware stack levels required when called:    1
 This function calls:
		_tempDelay
 This function is called by:
		_getTemperature
 This function uses a non-reentrant model


 *************** function _tempDelay *****************
 Defined at:
		line 18 in file "temperature.c"
 Parameters:    Size  Location     Type
  x               1    wreg     unsigned char 
  y               1    0[COMMON] unsigned char 
 Auto vars:     Size  Location     Type
  x               1    2[COMMON] unsigned char 
  z               1    3[COMMON] unsigned char 
 Return value:  Size  Location     Type
                  1    wreg      void 
 Registers used:
		wreg, status,2, status,0
 Tracked objects:
		On entry : 
		On exit  : 
		Unchanged: 
 Data sizes:     COMMON  BANK0h  BANK0l   BANK1   BANK3   BANK2
      Params:         1       0       0       0       0       0
      Locals:         2       0       0       0       0       0
      Temps:          1       0       0       0       0       0
      Totals:         4       0       0       0       0       0
Total ram usage:        4 bytes
 Hardware stack levels used:    1
 This function calls:
		Nothing
 This function is called by:
		_reset
		_writeByte
		_readByte
		_getTemperature
 This function uses a non-reentrant model


 *************** function _showDate *****************
 Defined at:
		line 322 in file "main.c"
 Parameters:    Size  Location     Type
		None
 Auto vars:     Size  Location     Type
		None
 Return value:  Size  Location     Type
                  1    wreg      void 
 Registers used:
		wreg, fsr0l, fsr0h, status,2, status,0, btemp+1, pclath, cstack
 Tracked objects:
		On entry : 
		On exit  : 
		Unchanged: 
 Data sizes:     COMMON  BANK0h  BANK0l   BANK1   BANK3   BANK2
      Params:         0       0       0       0       0       0
      Locals:         0       0       0       0       0       0
      Temps:          0       0       0       0       0       0
      Totals:         0       0       0       0       0       0
Total ram usage:        0 bytes
 Hardware stack levels used:    1
 Hardware stack levels required when called:    3
 This function calls:
		_Cinit
		_clockInit
		_displayDate
		_getTime
		_setTime
 This function is called by:
		_main
 This function uses a non-reentrant model


 *************** function _setTime *****************
 Defined at:
		line 58 in file "clock.c"
 Parameters:    Size  Location     Type
		None
 Auto vars:     Size  Location     Type
  i               2    5[COMMON] int 
 Return value:  Size  Location     Type
                  1    wreg      void 
 Registers used:
		wreg, fsr0l, fsr0h, status,2, status,0, btemp+1, pclath, cstack
 Tracked objects:
		On entry : 
		On exit  : 
		Unchanged: 
 Data sizes:     COMMON  BANK0h  BANK0l   BANK1   BANK3   BANK2
      Params:         0       0       0       0       0       0
      Locals:         2       0       0       0       0       0
      Temps:          0       0       0       0       0       0
      Totals:         2       0       0       0       0       0
Total ram usage:        2 bytes
 Hardware stack levels used:    1
 Hardware stack levels required when called:    1
 This function calls:
		_writeTime
 This function is called by:
		_showTime
		_showDate
 This function uses a non-reentrant model


 *************** function _getTime *****************
 Defined at:
		line 71 in file "clock.c"
 Parameters:    Size  Location     Type
		None
 Auto vars:     Size  Location     Type
  i               2    6[COMMON] int 
 Return value:  Size  Location     Type
                  1    wreg      void 
 Registers used:
		wreg, fsr0l, fsr0h, status,2, status,0, btemp+1, pclath, cstack
 Tracked objects:
		On entry : 
		On exit  : 
		Unchanged: 
 Data sizes:     COMMON  BANK0h  BANK0l   BANK1   BANK3   BANK2
      Params:         0       0       0       0       0       0
      Locals:         2       0       0       0       0       0
      Temps:          1       0       0       0       0       0
      Totals:         3       0       0       0       0       0
Total ram usage:        3 bytes
 Hardware stack levels used:    1
 Hardware stack levels required when called:    1
 This function calls:
		_readTime
		_writeTime
 This function is called by:
		_showTime
		_showDate
 This function uses a non-reentrant model


 *************** function _readTime *****************
 Defined at:
		line 42 in file "clock.c"
 Parameters:    Size  Location     Type
		None
 Auto vars:     Size  Location     Type
  j               2    2[COMMON] int 
 Return value:  Size  Location     Type
                  1    wreg      unsigned char 
 Registers used:
		wreg, status,2, status,0, btemp+1
 Tracked objects:
		On entry : 
		On exit  : 
		Unchanged: 
 Data sizes:     COMMON  BANK0h  BANK0l   BANK1   BANK3   BANK2
      Params:         0       0       0       0       0       0
      Locals:         2       0       0       0       0       0
      Temps:          2       0       0       0       0       0
      Totals:         4       0       0       0       0       0
Total ram usage:        4 bytes
 Hardware stack levels used:    1
 This function calls:
		Nothing
 This function is called by:
		_getTime
 This function uses a non-reentrant model


 *************** function _displayDate *****************
 Defined at:
		line 157 in file "clock.c"
 Parameters:    Size  Location     Type
		None
 Auto vars:     Size  Location     Type
  i               2    0        int 
  value2          1    8[BANK0h] unsigned char 
  value1          1    7[BANK0h] unsigned char 
  value           1    6[BANK0h] unsigned char 
  hoursUnits      1    5[BANK0h] unsigned char 
  hoursTens       1    4[BANK0h] unsigned char 
  minutesUnits    1    3[BANK0h] unsigned char 
  minutesTens     1    2[BANK0h] unsigned char 
  units           1    1[BANK0h] unsigned char 
  tens            1    0[BANK0h] unsigned char 
 Return value:  Size  Location     Type
                  1    wreg      void 
 Registers used:
		wreg, status,2, status,0, pclath, cstack
 Tracked objects:
		On entry : 
		On exit  : 
		Unchanged: 
 Data sizes:     COMMON  BANK0h  BANK0l   BANK1   BANK3   BANK2
      Params:         0       0       0       0       0       0
      Locals:         0       9       0       0       0       0
      Temps:          3       0       0       0       0       0
      Totals:         3       9       0       0       0       0
Total ram usage:       12 bytes
 Hardware stack levels used:    1
 Hardware stack levels required when called:    2
 This function calls:
		___awdiv
		_buttondelay
		_writeChar
		_writeCmd
 This function is called by:
		_showDate
 This function uses a non-reentrant model


 *************** function _buttondelay *****************
 Defined at:
		line 121 in file "buttons.c"
 Parameters:    Size  Location     Type
[...]
                  1    wreg      void 
 Registers used:
		wreg, fsr0l, fsr0h, status,2, status,0, pclath, cstack
 Tracked objects:
		On entry : 
		On exit  : 
		Unchanged: 
 Data sizes:     COMMON  BANK0h  BANK0l   BANK1   BANK3   BANK2
      Params:         0       0       0       0       0       0
      Locals:         0      10       0       0       0       0
      Temps:          4       0       0       0       0       0
      Totals:         4      10       0       0       0       0
Total ram usage:       14 bytes
 Hardware stack levels used:    1
 Hardware stack levels required when called:    3
 This function calls:
		_LCDdelay3
		_clearDisplay
		_resetCursor
		_writeMessage
 This function is called by:
		_activateZones
 This function uses a non-reentrant model


 *************** function _zone2Activate *****************
 Defined at:
		line 139 in file "main.c"
 Parameters:    Size  Location     Type
		None
 Auto vars:     Size  Location     Type
  message        10    0[BANK0h] unsigned char [10]
 Return value:  Size  Location     Type
                  1    wreg      void 
 Registers used:
		wreg, fsr0l, fsr0h, status,2, status,0, pclath, cstack
 Tracked objects:
		On entry : 
		On exit  : 
		Unchanged: 
 Data sizes:     COMMON  BANK0h  BANK0l   BANK1   BANK3   BANK2
      Params:         0       0       0       0       0       0
      Locals:         0      10       0       0       0       0
      Temps:          4       0       0       0       0       0
      Totals:         4      10       0       0       0       0
Total ram usage:       14 bytes
 Hardware stack levels used:    1
 Hardware stack levels required when called:    3
 This function calls:
		_LCDdelay3
		_clearDisplay
		_resetCursor
		_writeMessage
 This function is called by:
		_activateZones
 This function uses a non-reentrant model


 *************** function _zone1Activate *****************
 Defined at:
		line 132 in file "main.c"
 Parameters:    Size  Location     Type
		None
 Auto vars:     Size  Location     Type
  message        10    0[BANK0h] unsigned char [10]
 Return value:  Size  Location     Type
                  1    wreg      void 
 Registers used:
		wreg, fsr0l, fsr0h, status,2, status,0, pclath, cstack
 Tracked objects:
		On entry : 
		On exit  : 
		Unchanged: 
 Data sizes:     COMMON  BANK0h  BANK0l   BANK1   BANK3   BANK2
      Params:         0       0       0       0       0       0
      Locals:         0      10       0       0       0       0
      Temps:          4       0       0       0       0       0
      Totals:         4      10       0       0       0       0
Total ram usage:       14 bytes
 Hardware stack levels used:    1
 Hardware stack levels required when called:    3
 This function calls:
		_LCDdelay3
		_clearDisplay
		_resetCursor
		_writeMessage
 This function is called by:
		_activateZones
 This function uses a non-reentrant model


 *************** function _zone0Activate *****************
 Defined at:
		line 125 in file "main.c"
 Parameters:    Size  Location     Type
		None
 Auto vars:     Size  Location     Type
  message        10    0[BANK0h] unsigned char [10]
 Return value:  Size  Location     Type
                  1    wreg      void 
 Registers used:
		wreg, fsr0l, fsr0h, status,2, status,0, pclath, cstack
 Tracked objects:
		On entry : 
		On exit  : 
		Unchanged: 
 Data sizes:     COMMON  BANK0h  BANK0l   BANK1   BANK3   BANK2
      Params:         0       0       0       0       0       0
      Locals:         0      10       0       0       0       0
      Temps:          4       0       0       0       0       0
      Totals:         4      10       0       0       0       0
Total ram usage:       14 bytes
 Hardware stack levels used:    1
 Hardware stack levels required when called:    3
 This function calls:
		_LCDdelay3
		_clearDisplay
		_resetCursor
		_writeMessage
 This function is called by:
		_activateZones
 This function uses a non-reentrant model


 *************** function _writeMessage *****************
 Defined at:
		line 42 in file "LCD.c"
 Parameters:    Size  Location     Type
  message         1    wreg     PTR unsigned char 
		 -> changeTriggerMessage@messagerow(12), checkZoneMessage@messagerow(6), modeSelect@messagecol(12), modeSelect@messagerow(9), 
		 -> ButtonGrid@messagecol(6), ButtonGrid@messagerow(6), zoneActivate@message(5), zone3Deactivate@message(11), 
		 -> zone2Deactivate@message(11), zone1Deactivate@message(11), zone0Deactivate@message(11), zone3Activate@message(10), 
		 -> zone2Activate@message(10), zone1Activate@message(10), zone0Activate@message(10), alarmOff@message(10), 
		 -> alarmOn@message(9), currentTemp@message2(13), currentTemp@message1(7), zone3Alert@message(13), 
		 -> zone2Alert@message(13), zone1Alert@message(13), zone0Alert@message(13), zone3OK@message(10), 
		 -> zone2OK@message(10), zone1OK@message(10), zone0OK@message(10), 
 Auto vars:     Size  Location     Type
  message         1    6[COMMON] PTR unsigned char 
		 -> changeTriggerMessage@messagerow(12), checkZoneMessage@messagerow(6), modeSelect@messagecol(12), modeSelect@messagerow(9), 
		 -> ButtonGrid@messagecol(6), ButtonGrid@messagerow(6), zoneActivate@message(5), zone3Deactivate@message(11), 
		 -> zone2Deactivate@message(11), zone1Deactivate@message(11), zone0Deactivate@message(11), zone3Activate@message(10), 
		 -> zone2Activate@message(10), zone1Activate@message(10), zone0Activate@message(10), alarmOff@message(10), 
		 -> alarmOn@message(9), currentTemp@message2(13), currentTemp@message1(7), zone3Alert@message(13), 
		 -> zone2Alert@message(13), zone1Alert@message(13), zone0Alert@message(13), zone3OK@message(10), 
		 -> zone2OK@message(10), zone1OK@message(10), zone0OK@message(10), 
  i               2    4[COMMON] int 
 Return value:  Size  Location     Type
                  1    wreg      void 
 Registers used:
		wreg, fsr0l, fsr0h, status,2, status,0, pclath, cstack
 Tracked objects:
		On entry : 
		On exit  : 
		Unchanged: 
 Data sizes:     COMMON  BANK0h  BANK0l   BANK1   BANK3   BANK2
      Params:         0       0       0       0       0       0
      Locals:         3       0       0       0       0       0
      Temps:          1       0       0       0       0       0
      Totals:         4       0       0       0       0       0
Total ram usage:        4 bytes
 Hardware stack levels used:    1
 Hardware stack levels required when called:    2
 This function calls:
		_writeChar
 This function is called by:
		_zone0OK
		_zone1OK
		_zone2OK
		_zone3OK
		_zone0Alert
		_zone1Alert
		_zone2Alert
		_zone3Alert
		_alarmOn
		_alarmOff
		_zone0Activate
		_zone1Activate
		_zone2Activate
		_zone3Activate
		_zone0Deactivate
		_zone1Deactivate
		_zone2Deactivate
		_zone3Deactivate
		_zoneActivate
		_writeMessageline1
		_writeMessageline2
 This function uses a non-reentrant model


 *************** function _writeChar *****************
 Defined at:
		line 27 in file "LCD.c"
 Parameters:    Size  Location     Type
  var             1    wreg     unsigned char 
 Auto vars:     Size  Location     Type
  var             1    2[COMMON] unsigned char 
 Return value:  Size  Location     Type
                  1    wreg      void 
 Registers used:
		wreg, status,2, status,0, pclath, cstack
 Tracked objects:
		On entry : 
		On exit  : 
		Unchanged: 
 Data sizes:     COMMON  BANK0h  BANK0l   BANK1   BANK3   BANK2
      Params:         0       0       0       0       0       0
      Locals:         1       0       0       0       0       0
      Temps:          0       0       0       0       0       0
      Totals:         1       0       0       0       0       0
Total ram usage:        1 bytes
 Hardware stack levels used:    1
 Hardware stack levels required when called:    1
 This function calls:
		_LCDdelay
 This function is called by:
		_changeTemp
		_changeTime
		_changeDate
		_changeDelay
		_writeMessage
		_display
		_displayDate
		_getTemperature
 This function uses a non-reentrant model


 *************** function _LCDdelay3 *****************
 Defined at:
		line 21 in file "LCD.c"
 Parameters:    Size  Location     Type
		None
 Auto vars:     Size  Location     Type
  i               2    0[COMMON] unsigned int 
 Return value:  Size  Location     Type
                  1    wreg      void 
 Registers used:
		wreg, status,2
 Tracked objects:
		On entry : 
		On exit  : 
		Unchanged: 
 Data sizes:     COMMON  BANK0h  BANK0l   BANK1   BANK3   BANK2
      Params:         0       0       0       0       0       0
      Locals:         2       0       0       0       0       0
      Temps:          0       0       0       0       0       0
      Totals:         2       0       0       0       0       0
Total ram usage:        2 bytes
 Hardware stack levels used:    1
 This function calls:
		Nothing
 This function is called by:
		_zone0OK
		_zone1OK
		_zone2OK
		_zone3OK
		_zone0Alert
		_zone1Alert
		_zone2Alert
		_zone3Alert
		_alarmOn
		_alarmOff
		_zone0Activate
		_zone1Activate
		_zone2Activate
		_zone3Activate
		_zone0Deactivate
		_zone1Deactivate
		_zone2Deactivate
		_zone3Deactivate
		_zoneActivate
		_checkZoneMessage
		_changeTriggerMessage
		_currentTemp
 This function uses a non-reentrant model


 *************** function _Return *****************
 Defined at:
		line 792 in file "main.c"
 Parameters:    Size  Location     Type
		None
 Auto vars:     Size  Location     Type
		None
 Return value:  Size  Location     Type
                  1    wreg      void 
 Registers used:
		wreg, status,2, status,0, pclath, cstack
 Tracked objects:
		On entry : 
		On exit  : 
		Unchanged: 
 Data sizes:     COMMON  BANK0h  BANK0l   BANK1   BANK3   BANK2
      Params:         0       0       0       0       0       0
      Locals:         0       0       0       0       0       0
      Temps:          0       0       0       0       0       0
      Totals:         0       0       0       0       0       0
Total ram usage:        0 bytes
 Hardware stack levels used:    1
 Hardware stack levels required when called:    3
 This function calls:
		_clearDisplay
		_resetCursor
 This function is called by:
		_main
 This function uses a non-reentrant model


 *************** function _resetCursor *****************
 Defined at:
		line 83 in file "LCD.c"
 Parameters:    Size  Location     Type
		None
 Auto vars:     Size  Location     Type
		None
 Return value:  Size  Location     Type
                  1    wreg      void 
 Registers used:
		wreg, status,2, status,0, pclath, cstack
 Tracked objects:
		On entry : 
		On exit  : 
		Unchanged: 
 Data sizes:     COMMON  BANK0h  BANK0l   BANK1   BANK3   BANK2
      Params:         0       0       0       0       0       0
      Locals:         0       0       0       0       0       0
      Temps:          0       0       0       0       0       0
      Totals:         0       0       0       0       0       0
Total ram usage:        0 bytes
 Hardware stack levels used:    1
 Hardware stack levels required when called:    2
 This function calls:
		_writeCmd
 This function is called by:
		_zone0OK
		_zone1OK
		_zone2OK
		_zone3OK
		_zone0Alert
		_zone1Alert
		_zone2Alert
		_zone3Alert
		_alarmOn
		_alarmOff
		_zone0Activate
		_zone1Activate
		_zone2Activate
		_zone3Activate
		_zone0Deactivate
		_zone1Deactivate
		_zone2Deactivate
		_zone3Deactivate
		_zoneActivate
		_modeSelect
		_checkZoneMessage
		_changeTriggerMessage
		_changeTemp
		_changeTime
		_changeDate
		_changeDelay
		_Return
		_currentTemp
		_ButtonGrid
 This function uses a non-reentrant model


 *************** function _clearDisplay *****************
 Defined at:
		line 90 in file "LCD.c"
 Parameters:    Size  Location     Type
		None
 Auto vars:     Size  Location     Type
		None
 Return value:  Size  Location     Type
                  1    wreg      void 
 Registers used:
		wreg, status,2, status,0, pclath, cstack
 Tracked objects:
		On entry : 
		On exit  : 
		Unchanged: 
 Data sizes:     COMMON  BANK0h  BANK0l   BANK1   BANK3   BANK2
      Params:         0       0       0       0       0       0
      Locals:         0       0       0       0       0       0
      Temps:          0       0       0       0       0       0
      Totals:         0       0       0       0       0       0
Total ram usage:        0 bytes
 Hardware stack levels used:    1
 Hardware stack levels required when called:    2
 This function calls:
		_writeCmd
 This function is called by:
		_zone0OK
		_zone1OK
		_zone2OK
		_zone3OK
		_zone0Alert
		_zone1Alert
		_zone2Alert
		_zone3Alert
		_alarmOn
		_alarmOff
		_zone0Activate
		_zone1Activate
		_zone2Activate
		_zone3Activate
		_zone0Deactivate
		_zone1Deactivate
		_zone2Deactivate
		_zone3Deactivate
		_zoneActivate
		_checkZoneMessage
		_changeTriggerMessage
		_changeTemp
		_changeTime
		_changeDate
		_changeDelay
		_Return
		_currentTemp
		_ButtonGrid
 This function uses a non-reentrant model


 *************** function _writeCmd *****************
 Defined at:
		line 67 in file "LCD.c"
 Parameters:    Size  Location     Type
  cmd             1    wreg     unsigned char 
 Auto vars:     Size  Location     Type
  cmd             1    2[COMMON] unsigned char 
 Return value:  Size  Location     Type
                  1    wreg      void 
 Registers used:
		wreg, status,2, status,0, pclath, cstack
 Tracked objects:
		On entry : 
		On exit  : 
		Unchanged: 
 Data sizes:     COMMON  BANK0h  BANK0l   BANK1   BANK3   BANK2
      Params:         0       0       0       0       0       0
      Locals:         1       0       0       0       0       0
      Temps:          0       0       0       0       0       0
      Totals:         1       0       0       0       0       0
Total ram usage:        1 bytes
 Hardware stack levels used:    1
 Hardware stack levels required when called:    1
 This function calls:
		_LCDdelay
 This function is called by:
		_writeMessageline2
		_resetCursor
		_displayOn
		_clearDisplay
		_turnon2linemode
		_Cinit
		_display
		_displayDate
 This function uses a non-reentrant model


 *************** function _LCDdelay *****************
 Defined at:
		line 14 in file "LCD.c"
 Parameters:    Size  Location     Type
		None
 Auto vars:     Size  Location     Type
  i               2    0[COMMON] unsigned int 
 Return value:  Size  Location     Type
                  1    wreg      void 
 Registers used:
		wreg, status,2
 Tracked objects:
		On entry : 
		On exit  : 
		Unchanged: 
 Data sizes:     COMMON  BANK0h  BANK0l   BANK1   BANK3   BANK2
      Params:         0       0       0       0       0       0
      Locals:         2       0       0       0       0       0
      Temps:          0       0       0       0       0       0
      Totals:         2       0       0       0       0       0
Total ram usage:        2 bytes
 Hardware stack levels used:    1
 This function calls:
		Nothing
 This function is called by:
		_writeChar
		_writeCmd
 This function uses a non-reentrant model



MODULE INFORMATION

Module		Function		Class		Link	Load	Size
clock.c
		_display       		CODE           	023B	0000	202
		_displayDate   		CODE           	0172	0000	202
		_getTime       		CODE           	0A4A	0000	56
		_setTime       		CODE           	0AB8	0000	57
		_Cinit         		CODE           	1617	0000	38
		_readTime      		CODE           	0BD4	0000	62
		_writeTime     		CODE           	0004	0000	50
		_clockInit     		CODE           	1458	0000	20

clock.c estimated size: 687

temperature.c
		_readByte      		CODE           	0B60	0000	58
		_reset         		CODE           	0A15	0000	54
		_delay         		CODE           	146B	0000	21
		_tempDelay     		CODE           	13F9	0000	15
		_writeByte     		CODE           	0A81	0000	56
		_getTemperature		CODE           	0304	0000	241

temperature.c estimated size: 445

buttons.c
		_buttondelay   		CODE           	1437	0000	17
		_buttonsetup   		CODE           	14AA	0000	24
		_checkButtons  		CODE           	0EE1	0000	135

buttons.c estimated size: 176

C:\Program Files (x86)\Microchip\xc8\v1.45\sources\common\awmod.c
		___awmod       		CODE           	0C11	0000	76

C:\Program Files (x86)\Microchip\xc8\v1.45\sources\common\awmod.c estimated size: 76

shared
		__stringtab    		STRING         	1000	0000	7
		_table         		STRING         	1006	0000	9
		__initialization		CODE           	07AE	0000	79

shared estimated size: 95

C:\Program Files (x86)\Microchip\xc8\v1.45\sources\common\awdiv.c
		___awdiv       		CODE           	0D00	0000	90

C:\Program Files (x86)\Microchip\xc8\v1.45\sources\common\awdiv.c estimated size: 90

main.c
		_alarmOn       		CODE           	1662	0000	42
		_alarmOnOff    		CODE           	09B4	0000	47
		_zone0Activate 		CODE           	1758	0000	43
		_checkZoneMessage		CODE           	168B	0000	42
		_init          		CODE           	13BA	0000	5
		_zone1Deactivate		CODE           	0936	0000	43
		_showTime      		CODE           	0B28	0000	57
		_zone0Alert    		CODE           	0864	0000	43
		_zone0OK       		CODE           	16B4	0000	42
		_zone1Activate 		CODE           	1782	0000	43
		_delaySeconds  		CODE           	09E2	0000	52
		_zone2Deactivate		CODE           	0960	0000	43
		_changeDate    		CODE           	03F4	0000	478
		_changeTime    		CODE           	05D1	0000	478
		_changeTemp    		CODE           	0035	0000	154
		_changeDelay   		CODE           	0F67	0000	154
		_zone1Alert    		CODE           	088E	0000	43
		_zoneActivate  		CODE           	163C	0000	39
		_main          		CODE           	00CE	0000	165
		_buzzer2       		CODE           	147F	0000	21
		_zone1OK       		CODE           	16DD	0000	42
		_zone2Activate 		CODE           	17AC	0000	43
		_zone3Deactivate		CODE           	098A	0000	43
		_showDate      		CODE           	0AF0	0000	57
		_zone2Alert    		CODE           	08B8	0000	43
		_alarmOff      		CODE           	0810	0000	43
		_changeDateMode		CODE           	1561	0000	37
		_changeTimeMode		CODE           	1585	0000	37
		_changeTempMode		CODE           	15F2	0000	38
		_zone2OK       		CODE           	1706	0000	42
		_zone3Activate 		CODE           	17D6	0000	43
		_Return        		CODE           	14C1	0000	28
		_zone3Alert    		CODE           	08E2	0000	43
		_zone3OK       		CODE           	172F	0000	42
		_showTemp      		CODE           	0800	0000	17
		_changeDelayMode		CODE           	14FB	0000	33
		_changeTriggerMessage		CODE           	083A	0000	43
		_deactivateZones		CODE           	0CA9	0000	88
		_activateZones 		CODE           	0DB2	0000	92
		_zone0Deactivate		CODE           	090C	0000	43
		_activateZonesMode		CODE           	15CD	0000	38
		_modeSelect    		CODE           	0B99	0000	60
		_checkZones    		CODE           	15A9	0000	37
		_checkZones2   		CODE           	0E6B	0000	119

main.c estimated size: 3185

LCD.c
		_turnon2linemode		CODE           	13CD	0000	6
		_LCDdelay      		CODE           	1407	0000	17
		_LCDdelay2     		CODE           	1427	0000	17
		_LCDdelay3     		CODE           	1417	0000	17
		_displayOn     		CODE           	13C8	0000	6
		_writeChar     		CODE           	153D	0000	37
		_writeMessageline1		CODE           	13D7	0000	7
		_writeMessageline2		CODE           	13ED	0000	13
		_clearDisplay  		CODE           	13BE	0000	6
		_resetCursor   		CODE           	13C3	0000	6
		_writeCmd      		CODE           	151B	0000	35
		_writeMessage  		CODE           	14DC	0000	32
		_LCDsetup      		CODE           	1493	0000	24

LCD.c estimated size: 223

