Microchip MPLAB XC8 Compiler V1.45 ()

Linker command line:

-W-3 --edf=C:\Program Files (x86)\Microchip\xc8\v1.45\dat\en_msgs.txt -cs \
  -h+dist/default/production\ACW.X.production.sym \
  --cmf=dist/default/production\ACW.X.production.cmf -z -Q16F877A \
  -oC:\Users\Zayd\AppData\Local\Temp\s3l0.2 \
  -Mdist/default/production/ACW.X.production.map -E1 -ver=XC8 \
  -ASTACK=01E7h-01efh -pstack=STACK -ACODE=00h-07FFhx4 -ASTRCODE=00h-01FFFh \
  -ASTRING=00h-0FFhx32 -ACONST=00h-0FFhx32 -AENTRY=00h-0FFhx32 \
  -ACOMMON=070h-07Fh -ABANK0=020h-06Fh -ABANK1=0A0h-0EFh \
  -ABANK2=0110h-016Fh -ABANK3=0190h-01EFh \
  -ARAM=020h-06Fh,0A0h-0EFh,0110h-016Fh,0190h-01EFh \
  -AABS1=020h-07Fh,0A0h-0EFh,0110h-016Fh,0190h-01EFh -ASFR0=00h-01Fh \
  -ASFR1=080h-09Fh -ASFR2=0100h-010Fh -ASFR3=0180h-018Fh \
  -preset_vec=00h,intentry,init,end_init -ppowerup=CODE -pcinit=CODE \
  -pfunctab=ENTRY -ACONFIG=02007h-02007h -pconfig=CONFIG -DCONFIG=2 \
  -AIDLOC=02000h-02003h -pidloc=IDLOC -DIDLOC=2 -AEEDATA=00h-0FFh/02100h \
  -peeprom_data=EEDATA -DEEDATA=2 -DCODE=2 -DSTRCODE=2 -DSTRING=2 -DCONST=2 \
  -DENTRY=2 -k C:\Users\Zayd\AppData\Local\Temp\s3l0.obj \
  dist/default/production\ACW.X.production.obj 

Object code version is 3.11

Machine type is 16F877A



                Name                               Link     Load   Length Selector   Space Scale
C:\Users\Zayd\AppData\Local\Temp\s3l0.obj
                end_init                              0        0        3        0       0
                config                             2007     2007        1     400E       0
dist/default/production\ACW.X.production.obj
                cinit                               7BE      7BE       42      F7C       0
                text37                               25       25       10       4A       0
                text36                               D8       D8       22      1B0       0
                text35                              FF1      FF1        5     1FE2       0
                text34                              FF6      FF6        5     1FEC       0
                text33                               6B       6B       17       D6       0
                text32                               35       35       10       6A       0
                text31                              FFB      FFB        5     1FF6       0
                text30                                6        6        5        C       0
                text29                               FA       FA       24      1F4       0
                text28                               99       99       1F      132       0
                text27                              143      143       2E      286       0
                text26                              285      285       2F      50A       0
                text25                              2B4      2B4       2F      568       0
                text24                              2E3      2E3       2F      5C6       0
                text23                              312      312       2F      624       0
                text22                              341      341       2F      682       0
                text21                              370      370       2F      6E0       0
                text20                              39F      39F       2F      73E       0
                text19                              715      715       A9      E2A       0
                text18                              171      171       2E      2E2       0
                text17                              19F      19F       2E      33E       0
                text16                                B        B        6       16       0
                text15                               19       19        C       32       0
                text14                              4BB      4BB       3B      976       0
                text13                              48A      48A       31      914       0
                text12                               82       82       17      104       0
                text11                              5FA      5FA       86      BF4       0
                text10                              11E      11E       25      23C       0
                text9                               3CE      3CE       2F      79C       0
                text8                               1CD      1CD       2E      39A       0
                text7                               3FD      3FD       2F      7FA       0
                text6                               1FB      1FB       2E      3F6       0
                text5                               42C      42C       2F      858       0
                text4                               229      229       2E      452       0
                text3                               45B      45B       2F      8B6       0
                text2                               257      257       2E      4AE       0
                text1                               680      680       95      D00       0
                maintext                             B8       B8       20      170       0
                cstackBANK0                          57       57       15       20       1
                cstackCOMMON                         70       70        C       70       1
                clrtext                              11       11        8       22       0
                inittext                             45       45       11       8A       0
                dataBANK2                           110      110       5F      110       1
                dataBANK3                           190      190       57      190       1
                dataBANK1                            A0       A0       4E       A0       1
                dataBANK0                            42       42       15       20       1
                bssBANK0                             20       20       22       20       1
                bssCOMMON                            7C       7C        2       70       1
                idataBANK3                          544      544       57      A88       0
                idataBANK2                          59B      59B       5F      B36       0
                idataBANK1                          4F6      4F6       4E      9EC       0
                idataBANK0                           56       56       15       AC       0

TOTAL           Name                               Link     Load   Length     Space
        CLASS   STACK          

        CLASS   CODE           
                end_init                              0        0        3         0
                cinit                               7BE      7BE       42         0
                text37                               25       25       10         0
                text36                               D8       D8       22         0
                text35                              FF1      FF1        5         0
                text34                              FF6      FF6        5         0
                text33                               6B       6B       17         0
                text32                               35       35       10         0
                text31                              FFB      FFB        5         0
                text30                                6        6        5         0
                text29                               FA       FA       24         0
                text28                               99       99       1F         0
                text27                              143      143       2E         0
                text26                              285      285       2F         0
                text25                              2B4      2B4       2F         0
                text24                              2E3      2E3       2F         0
                text23                              312      312       2F         0
                text22                              341      341       2F         0
                text21                              370      370       2F         0
                text20                              39F      39F       2F         0
                text19                              715      715       A9         0
                text18                              171      171       2E         0
                text17                              19F      19F       2E         0
                text16                                B        B        6         0
                text15                               19       19        C         0
                text14                              4BB      4BB       3B         0
                text13                              48A      48A       31         0
                text12                               82       82       17         0
                text11                              5FA      5FA       86         0
                text10                              11E      11E       25         0
                text9                               3CE      3CE       2F         0
                text8                               1CD      1CD       2E         0
                text7                               3FD      3FD       2F         0
                text6                               1FB      1FB       2E         0
                text5                               42C      42C       2F         0
                text4                               229      229       2E         0
                text3                               45B      45B       2F         0
                text2                               257      257       2E         0
                text1                               680      680       95         0
                maintext                             B8       B8       20         0
                clrtext                              11       11        8         0
                inittext                             45       45       11         0
                idataBANK3                          544      544       57         0
                idataBANK2                          59B      59B       5F         0
                idataBANK1                          4F6      4F6       4E         0
                idataBANK0                           56       56       15         0

        CLASS   STRCODE        

        CLASS   STRING         

        CLASS   CONST          

        CLASS   ENTRY          

        CLASS   COMMON         
                cstackCOMMON                         70       70        C         1
                bssCOMMON                            7C       7C        2         1

        CLASS   BANK0          
                cstackBANK0                          57       57       15         1
                dataBANK0                            42       42       15         1
                bssBANK0                             20       20       22         1

        CLASS   BANK1          
                dataBANK1                            A0       A0       4E         1

        CLASS   BANK2          
                dataBANK2                           110      110       5F         1

        CLASS   BANK3          
                dataBANK3                           190      190       57         1

        CLASS   RAM            

        CLASS   ABS1           
                abs_s1                               7E       7E        2         1

        CLASS   SFR0           

        CLASS   SFR1           

        CLASS   SFR2           

        CLASS   SFR3           

        CLASS   CONFIG         
                config                             2007     2007        1         0

        CLASS   IDLOC          

        CLASS   EEDATA         



SEGMENTS        Name                           Load    Length   Top    Selector   Space  Class     Delta

                reset_vec                      000000  000003  000003         0       0  CODE        2
                text30                         000006  000005  00000B         C       0  CODE        2
                text16                         00000B  000006  000011        16       0  CODE        2
                bssBANK0                       000020  00004C  00006C        20       1  BANK0       1
                clrtext                        000011  000008  000019        22       0  CODE        2
                text15                         000019  00000C  000025        32       0  CODE        2
                text37                         000025  000010  000035        4A       0  CODE        2
                text32                         000035  000010  000045        6A       0  CODE        2
                cstackCOMMON                   000070  00000E  00007E        70       1  COMMON      1
                inittext                       000045  000011  000056        8A       0  CODE        2
                dataBANK1                      0000A0  00004E  0000EE        A0       1  BANK1       1
                idataBANK0                     000056  000015  00006B        AC       0  CODE        2
                text33                         00006B  000017  000082        D6       0  CODE        2
                text12                         000082  000017  000099       104       0  CODE        2
                dataBANK2                      000110  00005F  00016F       110       1  BANK2       1
                text28                         000099  00001F  0000B8       132       0  CODE        2
                maintext                       0000B8  000020  0000D8       170       0  CODE        2
                dataBANK3                      000190  000057  0001E7       190       1  BANK3       1
                text36                         0000D8  000022  0000FA       1B0       0  CODE        2
                text29                         0000FA  000024  00011E       1F4       0  CODE        2
                text10                         00011E  000025  000143       23C       0  CODE        2
                text27                         000143  00002E  000171       286       0  CODE        2
                text18                         000171  00002E  00019F       2E2       0  CODE        2
                text17                         00019F  00002E  0001CD       33E       0  CODE        2
                text8                          0001CD  00002E  0001FB       39A       0  CODE        2
                text6                          0001FB  00002E  000229       3F6       0  CODE        2
                text4                          000229  00002E  000257       452       0  CODE        2
                text2                          000257  00002E  000285       4AE       0  CODE        2
                text26                         000285  00002F  0002B4       50A       0  CODE        2
                text25                         0002B4  00002F  0002E3       568       0  CODE        2
                text24                         0002E3  00002F  000312       5C6       0  CODE        2
                text23                         000312  00002F  000341       624       0  CODE        2
                text22                         000341  00002F  000370       682       0  CODE        2
                text21                         000370  00002F  00039F       6E0       0  CODE        2
                text20                         00039F  00002F  0003CE       73E       0  CODE        2
                text9                          0003CE  00002F  0003FD       79C       0  CODE        2
                text7                          0003FD  00002F  00042C       7FA       0  CODE        2
                text5                          00042C  00002F  00045B       858       0  CODE        2
                text3                          00045B  00002F  00048A       8B6       0  CODE        2
                text13                         00048A  000031  0004BB       914       0  CODE        2
                text14                         0004BB  00003B  0004F6       976       0  CODE        2
                idataBANK1                     0004F6  00004E  000544       9EC       0  CODE        2
                idataBANK3                     000544  000057  00059B       A88       0  CODE        2
                idataBANK2                     00059B  00005F  0005FA       B36       0  CODE        2
                text11                         0005FA  000086  000680       BF4       0  CODE        2
                text1                          000680  000095  000715       D00       0  CODE        2
                text19                         000715  0000A9  0007BE       E2A       0  CODE        2
                cinit                          0007BE  000042  000800       F7C       0  CODE        2
                text35                         000FF1  000005  000FF6      1FE2       0  CODE        2
                text34                         000FF6  000005  000FFB      1FEC       0  CODE        2
                text31                         000FFB  000005  001000      1FF6       0  CODE        2
                config                         002007  000001  002008      400E       0  CONFIG      2


UNUSED ADDRESS RANGES

        Name                Unused          Largest block    Delta
        BANK0            006C-006F              4           1
        BANK1            00EE-00EF              2           1
        BANK2            016F-016F              1           1
        BANK3            01E7-01EF              9           1
        CODE             0003-0005              3           2
                         0800-0FF0            7F1
                         1000-1FFF            800
        CONST            0003-0005              3           2
                         0800-0FF0            100
                         1000-1FFF            100
        EEDATA           2100-21FF            100           2
        ENTRY            0003-0005              3           2
                         0800-0FF0            100
                         1000-1FFF            100
        IDLOC            2000-2003              4           2
        RAM              006C-006F              4           1
                         00EE-00EF              2
                         016F-016F              1
                         01E7-01EF              9
        SFR0             0000-001F             20           1
        SFR1             0080-009F             20           1
        SFR2             0100-010F             10           1
        SFR3             0180-018F             10           1
        STACK            01E7-01EF              9           1
        STRCODE          0003-0005              3           2
                         0800-0FF0            7F1
                         1000-1FFF           1000
        STRING           0003-0005              3           2
                         0800-0FF0            100
                         1000-1FFF            100

                                  Symbol Table

ButtonGrid@F1201            dataBANK0    004F
ButtonGrid@F1203            dataBANK0    0049
LCDdelay2@i                 cstackCOMMON 0070
LCDdelay@i                  cstackCOMMON 0070
_ADCON1                     (abs)        009F
_LCDdelay                   text37       0025
_LCDdelay2                  text32       0035
_LCDsetup                   text33       006B
_PORTA                      (abs)        0005
_PORTC                      (abs)        0007
_PORTD                      (abs)        0008
_RA1                        (abs)        0029
_RA2                        (abs)        002A
_RA3                        (abs)        002B
_RC0                        (abs)        0038
_RC1                        (abs)        0039
_RC2                        (abs)        003A
_RC3                        (abs)        003B
_RC4                        (abs)        003C
_RC5                        (abs)        003D
_RC6                        (abs)        003E
_RC7                        (abs)        003F
_TRISA                      (abs)        0085
_TRISC                      (abs)        0087
_TRISD                      (abs)        0088
__CFG_BOREN$OFF             (abs)        0000
__CFG_FOSC$HS               (abs)        0000
__CFG_LVP$OFF               (abs)        0000
__CFG_PWRTE$ON              (abs)        0000
__CFG_WDTE$OFF              (abs)        0000
__Habs1                     abs1         0000
__Hbank0                    bank0        0000
__Hbank1                    bank1        0000
__Hbank2                    bank2        0000
__Hbank3                    bank3        0000
__HbssBANK0                 bssBANK0     0000
__HbssCOMMON                bssCOMMON    0000
__Hcinit                    cinit        0800
__Hclrtext                  clrtext      0000
__Hcode                     code         0000
__Hcommon                   common       0000
__Hconfig                   config       2008
__HcstackBANK0              cstackBANK0  0000
__HcstackCOMMON             cstackCOMMON 0000
__HdataBANK0                dataBANK0    0000
__HdataBANK1                dataBANK1    0000
__HdataBANK2                dataBANK2    0000
__HdataBANK3                dataBANK3    0000
__Heeprom_data              eeprom_data  0000
__Hend_init                 end_init     0003
__Hfunctab                  functab      0000
__HidataBANK0               idataBANK0   0000
__HidataBANK1               idataBANK1   0000
__HidataBANK2               idataBANK2   0000
__HidataBANK3               idataBANK3   0000
__Hidloc                    idloc        0000
__Hinit                     init         0000
__Hinittext                 inittext     0000
__Hintentry                 intentry     0000
__Hmaintext                 maintext     0000
__Hpowerup                  powerup      0000
__Hram                      ram          0000
__Hreset_vec                reset_vec    0000
__Hsfr0                     sfr0         0000
__Hsfr1                     sfr1         0000
__Hsfr2                     sfr2         0000
__Hsfr3                     sfr3         0000
__Hspace_0                  (abs)        2008
__Hspace_1                  (abs)        01E7
__Hspace_2                  (abs)        0000
__Hspace_3                  (abs)        0000
__Hstack                    stack        0000
__Hstrings                  strings      0000
__Htext                     text         0000
__Labs1                     abs1         0000
__Lbank0                    bank0        0000
__Lbank1                    bank1        0000
__Lbank2                    bank2        0000
__Lbank3                    bank3        0000
__LbssBANK0                 bssBANK0     0000
__LbssCOMMON                bssCOMMON    0000
__Lcinit                    cinit        07BE
__Lclrtext                  clrtext      0000
__Lcode                     code         0000
__Lcommon                   common       0000
__Lconfig                   config       2007
__LcstackBANK0              cstackBANK0  0000
__LcstackCOMMON             cstackCOMMON 0000
__LdataBANK0                dataBANK0    0000
__LdataBANK1                dataBANK1    0000
__LdataBANK2                dataBANK2    0000
__LdataBANK3                dataBANK3    0000
__Leeprom_data              eeprom_data  0000
__Lend_init                 end_init     0000
__Lfunctab                  functab      0000
__LidataBANK0               idataBANK0   0000
__LidataBANK1               idataBANK1   0000
__LidataBANK2               idataBANK2   0000
__LidataBANK3               idataBANK3   0000
__Lidloc                    idloc        0000
__Linit                     init         0000
__Linittext                 inittext     0000
__Lintentry                 intentry     0000
__Lmaintext                 maintext     0000
__Lpowerup                  powerup      0000
__Lram                      ram          0000
__Lreset_vec                reset_vec    0000
__Lsfr0                     sfr0         0000
__Lsfr1                     sfr1         0000
__Lsfr2                     sfr2         0000
__Lsfr3                     sfr3         0000
__Lspace_0                  (abs)        0000
__Lspace_1                  (abs)        0000
__Lspace_2                  (abs)        0000
__Lspace_3                  (abs)        0000
__Lstack                    stack        0000
__Lstrings                  strings      0000
__Ltext                     text         0000
__S0                        (abs)        2008
__S1                        (abs)        01E7
__S2                        (abs)        0000
__S3                        (abs)        0000
___int_sp                   stack        0000
___latbits                  (abs)        0002
___sp                       stack        0000
__end_of_LCDdelay           text37       0035
__end_of_LCDdelay2          text32       0045
__end_of_LCDsetup           text33       0082
__end_of__initialization    cinit        07FC
__end_of_activateZones      text19       07BE
__end_of_alarmOff           text18       019F
__end_of_alarmOn            text17       01CD
__end_of_alarmOnOff         text13       04BB
__end_of_buttonsetup        text12       0099
__end_of_checkButtons       text11       0680
__end_of_checkZoneMessage   text10       0143
__end_of_checkZones         text1        0715
__end_of_clearDisplay       text31       1000
__end_of_displayOn          text35       0FF6
__end_of_main               maintext     00D8
__end_of_modeSelect         text14       04F6
__end_of_resetCursor        text30       000B
__end_of_turnon2linemode    text34       0FFB
__end_of_writeChar          text29       011E
__end_of_writeCmd           text36       00FA
__end_of_writeMessage       text28       00B8
__end_of_writeMessageline1  text16       0011
__end_of_writeMessageline2  text15       0025
__end_of_zone0Activate      text27       0171
__end_of_zone0Alert         text9        03FD
__end_of_zone0Deactivate    text26       02B4
__end_of_zone0OK            text8        01FB
__end_of_zone1Activate      text25       02E3
__end_of_zone1Alert         text7        042C
__end_of_zone1Deactivate    text24       0312
__end_of_zone1OK            text6        0229
__end_of_zone2Activate      text23       0341
__end_of_zone2Alert         text5        045B
__end_of_zone2Deactivate    text22       0370
__end_of_zone2OK            text4        0257
__end_of_zone3Activate      text21       039F
__end_of_zone3Alert         text3        048A
__end_of_zone3Deactivate    text20       03CE
__end_of_zone3OK            text2        0285
__initialization            cinit        07BE
__pbssBANK0                 bssBANK0     0020
__pbssCOMMON                bssCOMMON    007C
__pcstackBANK0              cstackBANK0  0057
__pcstackCOMMON             cstackCOMMON 0070
__pdataBANK0                dataBANK0    0042
__pdataBANK1                dataBANK1    00A0
__pdataBANK2                dataBANK2    0110
__pdataBANK3                dataBANK3    0190
__pidataBANK0               idataBANK0   0056
__pidataBANK1               idataBANK1   04F6
__pidataBANK2               idataBANK2   059B
__pidataBANK3               idataBANK3   0544
__pmaintext                 maintext     00B8
__ptext1                    text1        0680
__ptext10                   text10       011E
__ptext11                   text11       05FA
__ptext12                   text12       0082
__ptext13                   text13       048A
__ptext14                   text14       04BB
__ptext15                   text15       0019
__ptext16                   text16       000B
__ptext17                   text17       019F
__ptext18                   text18       0171
__ptext19                   text19       0715
__ptext2                    text2        0257
__ptext20                   text20       039F
__ptext21                   text21       0370
__ptext22                   text22       0341
__ptext23                   text23       0312
__ptext24                   text24       02E3
__ptext25                   text25       02B4
__ptext26                   text26       0285
__ptext27                   text27       0143
__ptext28                   text28       0099
__ptext29                   text29       00FA
__ptext3                    text3        045B
__ptext30                   text30       0006
__ptext31                   text31       0FFB
__ptext32                   text32       0035
__ptext33                   text33       006B
__ptext34                   text34       0FF6
__ptext35                   text35       0FF1
__ptext36                   text36       00D8
__ptext37                   text37       0025
__ptext4                    text4        0229
__ptext5                    text5        042C
__ptext6                    text6        01FB
__ptext7                    text7        03FD
__ptext8                    text8        01CD
__ptext9                    text9        03CE
__size_of_LCDdelay          (abs)        0000
__size_of_LCDdelay2         (abs)        0000
__size_of_LCDsetup          (abs)        0000
__size_of_activateZones     (abs)        0000
__size_of_alarmOff          (abs)        0000
__size_of_alarmOn           (abs)        0000
__size_of_alarmOnOff        (abs)        0000
__size_of_buttonsetup       (abs)        0000
__size_of_checkButtons      (abs)        0000
__size_of_checkZoneMessage  (abs)        0000
__size_of_checkZones        (abs)        0000
__size_of_clearDisplay      (abs)        0000
__size_of_displayOn         (abs)        0000
__size_of_main              (abs)        0000
__size_of_modeSelect        (abs)        0000
__size_of_resetCursor       (abs)        0000
__size_of_turnon2linemode   (abs)        0000
__size_of_writeChar         (abs)        0000
__size_of_writeCmd          (abs)        0000
__size_of_writeMessage      (abs)        0000
__size_of_writeMessageline1 (abs)        0000
__size_of_writeMessageline2 (abs)        0000
__size_of_zone0Activate     (abs)        0000
__size_of_zone0Alert        (abs)        0000
__size_of_zone0Deactivate   (abs)        0000
__size_of_zone0OK           (abs)        0000
__size_of_zone1Activate     (abs)        0000
__size_of_zone1Alert        (abs)        0000
__size_of_zone1Deactivate   (abs)        0000
__size_of_zone1OK           (abs)        0000
__size_of_zone2Activate     (abs)        0000
__size_of_zone2Alert        (abs)        0000
__size_of_zone2Deactivate   (abs)        0000
__size_of_zone2OK           (abs)        0000
__size_of_zone3Activate     (abs)        0000
__size_of_zone3Alert        (abs)        0000
__size_of_zone3Deactivate   (abs)        0000
__size_of_zone3OK           (abs)        0000
_activateZones              text19       0715
_alarmOff                   text18       0171
_alarmOn                    text17       019F
_alarmOnOff                 text13       048A
_alarmOnOrOff               bssBANK0     003C
_alertChange                bssBANK0     0024
_alertValue                 dataBANK0    0055
_buttonsetup                text12       0082
_checkButtons               text11       05FA
_checkZoneMessage           text10       011E
_checkZones                 text1        0680
_clearDisplay               text31       0FFB
_col                        bssBANK0     0040
_displayOn                  text35       0FF1
_durationChange             bssBANK0     0026
_durationValue              bssBANK0     0020
_main                       maintext     00B8
_modeSelect                 text14       04BB
_resetCursor                text30       0006
_row                        bssBANK0     003E
_tempChange                 bssCOMMON    007C
_tempValue                  bssBANK0     0022
_turnon2linemode            text34       0FF6
_writeChar                  text29       00FA
_writeCmd                   text36       00D8
_writeMessage               text28       0099
_writeMessageline1          text16       000B
_writeMessageline2          text15       0019
_zone0Activate              text27       0143
_zone0Alert                 text9        03CE
_zone0Alerted               bssBANK0     002E
_zone0Deactivate            text26       0285
_zone0OK                    text8        01CD
_zone0On                    bssBANK0     0036
_zone1Activate              text25       02B4
_zone1Alert                 text7        03FD
_zone1Alerted               bssBANK0     002C
_zone1Deactivate            text24       02E3
_zone1OK                    text6        01FB
_zone1On                    bssBANK0     0034
_zone2Activate              text23       0312
_zone2Alert                 text5        042C
_zone2Alerted               bssBANK0     002A
_zone2Deactivate            text22       0341
_zone2OK                    text4        0229
_zone2On                    bssBANK0     0032
_zone3Activate              text21       0370
_zone3Alert                 text3        045B
_zone3Alerted               bssBANK0     0028
_zone3Deactivate            text20       039F
_zone3OK                    text2        0257
_zone3On                    bssBANK0     0030
_zoneActMode                bssBANK0     003A
_zoneCheck                  bssBANK0     0038
alarmOff@F1174              dataBANK1    00AA
alarmOff@message            cstackBANK0  0057
alarmOn@F1171               dataBANK1    00E5
alarmOn@message             cstackBANK0  0057
btemp                       (abs)        007E
checkButtons@rval           cstackCOMMON 0070
checkMessage@F1211          dataBANK2    0110
checkZoneMessage@F1219      dataBANK2    0121
checkZoneMessage@messagerow cstackBANK0  0057
clear_ram0                  clrtext      0011
currentTemp@F1166           dataBANK0    0042
currentTemp@F1168           dataBANK2    012E
end_of_initialization       cinit        07FC
init_fetch0                 inittext     0045
init_ram0                   inittext     0049
intlevel0                   functab      0000
intlevel1                   functab      0000
intlevel2                   functab      0000
intlevel3                   functab      0000
intlevel4                   functab      0000
intlevel5                   functab      0000
modeSelect@F1206            dataBANK1    00DC
modeSelect@F1208            dataBANK3    0190
modeSelect@messagecol       cstackBANK0  0057
modeSelect@messagerow       cstackBANK0  0063
reset_vec                   reset_vec    0000
stackhi                     (abs)        0000
stacklo                     (abs)        0000
start                       init         0000
start_initialization        cinit        07BE
writeChar@var               cstackCOMMON 0072
writeCmd@cmd                cstackCOMMON 0072
writeMessage@i              cstackCOMMON 0074
writeMessage@message        cstackCOMMON 0076
writeMessageline1@message   cstackCOMMON 0077
writeMessageline2@message   cstackCOMMON 0077
wtemp0                      (abs)        007E
zone0Activate@F1177         dataBANK1    00A0
zone0Activate@message       cstackBANK0  0057
zone0Alert@F1154            dataBANK2    0162
zone0Alert@message          cstackBANK0  0057
zone0Deactivate@F1189       dataBANK3    019C
zone0Deactivate@message     cstackBANK0  0057
zone0OK@F1142               dataBANK1    00D2
zone0OK@message             cstackBANK0  0057
zone1Activate@F1180         dataBANK3    01DD
zone1Activate@message       cstackBANK0  0057
zone1Alert@F1157            dataBANK2    0155
zone1Alert@message          cstackBANK0  0057
zone1Deactivate@F1192       dataBANK3    01BE
zone1Deactivate@message     cstackBANK0  0057
zone1OK@F1145               dataBANK1    00C8
zone1OK@message             cstackBANK0  0057
zone2Activate@F1183         dataBANK3    01D3
zone2Activate@message       cstackBANK0  0057
zone2Alert@F1160            dataBANK2    0148
zone2Alert@message          cstackBANK0  0057
zone2Deactivate@F1195       dataBANK3    01B3
zone2Deactivate@message     cstackBANK0  0057
zone2OK@F1148               dataBANK1    00BE
zone2OK@message             cstackBANK0  0057
zone3Activate@F1186         dataBANK3    01C9
zone3Activate@message       cstackBANK0  0057
zone3Alert@F1163            dataBANK2    013B
zone3Alert@message          cstackBANK0  0057
zone3Deactivate@F1198       dataBANK3    01A8
zone3Deactivate@message     cstackBANK0  0057
zone3OK@F1151               dataBANK1    00B4
zone3OK@message             cstackBANK0  0057


FUNCTION INFORMATION:

 *************** function _main *****************
 Defined at:
		line 477 in file "main.c"
 Parameters:    Size  Location     Type
		None
 Auto vars:     Size  Location     Type
		None
 Return value:  Size  Location     Type
                  1    wreg      void 
 Registers used:
		wreg, fsr0l, fsr0h, status,2, status,0, pclath, cstack
 Tracked objects:
		On entry : 
		On exit  : 
		Unchanged: 
 Data sizes:     COMMON   BANK0   BANK1   BANK3   BANK2
      Params:         0       0       0       0       0
      Locals:         0       0       0       0       0
      Temps:          0       0       0       0       0
      Totals:         0       0       0       0       0
Total ram usage:        0 bytes
 Hardware stack levels required when called:    6
 This function calls:
		_LCDsetup
		_activateZones
		_alarmOnOff
		_checkButtons
		_checkZones
 This function is called by:
		Startup code after reset
 This function uses a non-reentrant model


 *************** function _checkZones *****************
 Defined at:
		line 315 in file "main.c"
 Parameters:    Size  Location     Type
		None
 Auto vars:     Size  Location     Type
		None
 Return value:  Size  Location     Type
                  1    wreg      void 
 Registers used:
		wreg, fsr0l, fsr0h, status,2, status,0, pclath, cstack
 Tracked objects:
		On entry : 
		On exit  : 
		Unchanged: 
 Data sizes:     COMMON   BANK0   BANK1   BANK3   BANK2
      Params:         0       0       0       0       0
      Locals:         0       0       0       0       0
      Temps:          0       0       0       0       0
      Totals:         0       0       0       0       0
Total ram usage:        0 bytes
 Hardware stack levels used:    1
 Hardware stack levels required when called:    5
 This function calls:
		_checkZoneMessage
		_zone0Alert
		_zone0OK
		_zone1Alert
		_zone1OK
		_zone2Alert
		_zone2OK
		_zone3Alert
		_zone3OK
 This function is called by:
		_main
 This function uses a non-reentrant model


 *************** function _zone3OK *****************
 Defined at:
		line 62 in file "main.c"
 Parameters:    Size  Location     Type
		None
 Auto vars:     Size  Location     Type
  message        10    0[BANK0 ] unsigned char [10]
 Return value:  Size  Location     Type
                  1    wreg      void 
 Registers used:
		wreg, fsr0l, fsr0h, status,2, status,0, pclath, cstack
 Tracked objects:
		On entry : 
		On exit  : 
		Unchanged: 
 Data sizes:     COMMON   BANK0   BANK1   BANK3   BANK2
      Params:         0       0       0       0       0
      Locals:         0      10       0       0       0
      Temps:          4       0       0       0       0
      Totals:         4      10       0       0       0
Total ram usage:       14 bytes
 Hardware stack levels used:    1
 Hardware stack levels required when called:    3
 This function calls:
		_LCDdelay2
		_clearDisplay
		_resetCursor
		_writeMessage
 This function is called by:
		_checkZones
 This function uses a non-reentrant model


 *************** function _zone3Alert *****************
 Defined at:
		line 94 in file "main.c"
 Parameters:    Size  Location     Type
		None
 Auto vars:     Size  Location     Type
  message        13    0[BANK0 ] unsigned char [13]
 Return value:  Size  Location     Type
                  1    wreg      void 
 Registers used:
		wreg, fsr0l, fsr0h, status,2, status,0, pclath, cstack
 Tracked objects:
		On entry : 
		On exit  : 
		Unchanged: 
 Data sizes:     COMMON   BANK0   BANK1   BANK3   BANK2
      Params:         0       0       0       0       0
      Locals:         0      13       0       0       0
      Temps:          4       0       0       0       0
      Totals:         4      13       0       0       0
Total ram usage:       17 bytes
 Hardware stack levels used:    1
 Hardware stack levels required when called:    3
 This function calls:
		_LCDdelay2
		_clearDisplay
		_resetCursor
		_writeMessage
 This function is called by:
		_checkZones
 This function uses a non-reentrant model


 *************** function _zone2OK *****************
 Defined at:
		line 54 in file "main.c"
 Parameters:    Size  Location     Type
		None
 Auto vars:     Size  Location     Type
  message        10    0[BANK0 ] unsigned char [10]
 Return value:  Size  Location     Type
                  1    wreg      void 
 Registers used:
		wreg, fsr0l, fsr0h, status,2, status,0, pclath, cstack
 Tracked objects:
		On entry : 
		On exit  : 
		Unchanged: 
 Data sizes:     COMMON   BANK0   BANK1   BANK3   BANK2
      Params:         0       0       0       0       0
      Locals:         0      10       0       0       0
      Temps:          4       0       0       0       0
      Totals:         4      10       0       0       0
Total ram usage:       14 bytes
 Hardware stack levels used:    1
 Hardware stack levels required when called:    3
 This function calls:
		_LCDdelay2
		_clearDisplay
		_resetCursor
		_writeMessage
 This function is called by:
		_checkZones
 This function uses a non-reentrant model


 *************** function _zone2Alert *****************
 Defined at:
		line 86 in file "main.c"
 Parameters:    Size  Location     Type
		None
 Auto vars:     Size  Location     Type
  message        13    0[BANK0 ] unsigned char [13]
 Return value:  Size  Location     Type
                  1    wreg      void 
 Registers used:
		wreg, fsr0l, fsr0h, status,2, status,0, pclath, cstack
 Tracked objects:
		On entry : 
		On exit  : 
		Unchanged: 
 Data sizes:     COMMON   BANK0   BANK1   BANK3   BANK2
      Params:         0       0       0       0       0
      Locals:         0      13       0       0       0
      Temps:          4       0       0       0       0
      Totals:         4      13       0       0       0
Total ram usage:       17 bytes
 Hardware stack levels used:    1
 Hardware stack levels required when called:    3
 This function calls:
		_LCDdelay2
		_clearDisplay
		_resetCursor
		_writeMessage
 This function is called by:
		_checkZones
 This function uses a non-reentrant model


 *************** function _zone1OK *****************
 Defined at:
		line 46 in file "main.c"
 Parameters:    Size  Location     Type
		None
 Auto vars:     Size  Location     Type
  message        10    0[BANK0 ] unsigned char [10]
 Return value:  Size  Location     Type
                  1    wreg      void 
 Registers used:
		wreg, fsr0l, fsr0h, status,2, status,0, pclath, cstack
 Tracked objects:
		On entry : 
		On exit  : 
		Unchanged: 
 Data sizes:     COMMON   BANK0   BANK1   BANK3   BANK2
      Params:         0       0       0       0       0
      Locals:         0      10       0       0       0
      Temps:          4       0       0       0       0
      Totals:         4      10       0       0       0
Total ram usage:       14 bytes
 Hardware stack levels used:    1
 Hardware stack levels required when called:    3
 This function calls:
		_LCDdelay2
		_clearDisplay
		_resetCursor
		_writeMessage
 This function is called by:
		_checkZones
 This function uses a non-reentrant model


 *************** function _zone1Alert *****************
 Defined at:
		line 78 in file "main.c"
 Parameters:    Size  Location     Type
		None
 Auto vars:     Size  Location     Type
  message        13    0[BANK0 ] unsigned char [13]
 Return value:  Size  Location     Type
                  1    wreg      void 
 Registers used:
		wreg, fsr0l, fsr0h, status,2, status,0, pclath, cstack
 Tracked objects:
		On entry : 
		On exit  : 
		Unchanged: 
 Data sizes:     COMMON   BANK0   BANK1   BANK3   BANK2
      Params:         0       0       0       0       0
      Locals:         0      13       0       0       0
      Temps:          4       0       0       0       0
      Totals:         4      13       0       0       0
Total ram usage:       17 bytes
 Hardware stack levels used:    1
 Hardware stack levels required when called:    3
 This function calls:
		_LCDdelay2
		_clearDisplay
		_resetCursor
		_writeMessage
 This function is called by:
		_checkZones
 This function uses a non-reentrant model


 *************** function _zone0OK *****************
 Defined at:
		line 38 in file "main.c"
 Parameters:    Size  Location     Type
		None
 Auto vars:     Size  Location     Type
  message        10    0[BANK0 ] unsigned char [10]
 Return value:  Size  Location     Type
                  1    wreg      void 
 Registers used:
		wreg, fsr0l, fsr0h, status,2, status,0, pclath, cstack
 Tracked objects:
		On entry : 
		On exit  : 
		Unchanged: 
 Data sizes:     COMMON   BANK0   BANK1   BANK3   BANK2
      Params:         0       0       0       0       0
      Locals:         0      10       0       0       0
      Temps:          4       0       0       0       0
      Totals:         4      10       0       0       0
Total ram usage:       14 bytes
 Hardware stack levels used:    1
 Hardware stack levels required when called:    3
 This function calls:
		_LCDdelay2
		_clearDisplay
		_resetCursor
		_writeMessage
 This function is called by:
		_checkZones
 This function uses a non-reentrant model


 *************** function _zone0Alert *****************
 Defined at:
		line 70 in file "main.c"
 Parameters:    Size  Location     Type
		None
 Auto vars:     Size  Location     Type
  message        13    0[BANK0 ] unsigned char [13]
 Return value:  Size  Location     Type
                  1    wreg      void 
 Registers used:
		wreg, fsr0l, fsr0h, status,2, status,0, pclath, cstack
 Tracked objects:
		On entry : 
		On exit  : 
		Unchanged: 
 Data sizes:     COMMON   BANK0   BANK1   BANK3   BANK2
      Params:         0       0       0       0       0
      Locals:         0      13       0       0       0
      Temps:          4       0       0       0       0
      Totals:         4      13       0       0       0
Total ram usage:       17 bytes
 Hardware stack levels used:    1
 Hardware stack levels required when called:    3
 This function calls:
		_LCDdelay2
		_clearDisplay
		_resetCursor
		_writeMessage
 This function is called by:
		_checkZones
 This function uses a non-reentrant model


 *************** function _checkZoneMessage *****************
 Defined at:
		line 307 in file "main.c"
 Parameters:    Size  Location     Type
		None
 Auto vars:     Size  Location     Type
  messagerow     13    0[BANK0 ] unsigned char [13]
 Return value:  Size  Location     Type
                  1    wreg      void 
 Registers used:
		wreg, fsr0l, fsr0h, status,2, status,0, pclath, cstack
 Tracked objects:
		On entry : 
		On exit  : 
		Unchanged: 
 Data sizes:     COMMON   BANK0   BANK1   BANK3   BANK2
      Params:         0       0       0       0       0
      Locals:         0      13       0       0       0
      Temps:          4       0       0       0       0
      Totals:         4      13       0       0       0
Total ram usage:       17 bytes
 Hardware stack levels used:    1
 Hardware stack levels required when called:    4
 This function calls:
		_clearDisplay
		_resetCursor
		_writeMessageline1
 This function is called by:
		_checkZones
 This function uses a non-reentrant model


 *************** function _checkButtons *****************
 Defined at:
		line 29 in file "buttons.c"
 Parameters:    Size  Location     Type
		None
 Auto vars:     Size  Location     Type
  rval            1    0[COMMON] unsigned char 
 Return value:  Size  Location     Type
                  1    wreg      unsigned char 
 Registers used:
		wreg, status,2, status,0, pclath, cstack
 Tracked objects:
		On entry : 
		On exit  : 
		Unchanged: 
 Data sizes:     COMMON   BANK0   BANK1   BANK3   BANK2
      Params:         0       0       0       0       0
      Locals:         1       0       0       0       0
      Temps:          0       0       0       0       0
      Totals:         1       0       0       0       0
Total ram usage:        1 bytes
 Hardware stack levels used:    1
 Hardware stack levels required when called:    1
 This function calls:
		_buttonsetup
 This function is called by:
		_main
		_ButtonGrid
 This function uses a non-reentrant model


 *************** function _buttonsetup *****************
 Defined at:
		line 7 in file "buttons.c"
 Parameters:    Size  Location     Type
		None
 Auto vars:     Size  Location     Type
		None
 Return value:  Size  Location     Type
                  1    wreg      void 
 Registers used:
		wreg, status,2
 Tracked objects:
		On entry : 
		On exit  : 
		Unchanged: 
 Data sizes:     COMMON   BANK0   BANK1   BANK3   BANK2
      Params:         0       0       0       0       0
      Locals:         0       0       0       0       0
      Temps:          0       0       0       0       0
      Totals:         0       0       0       0       0
Total ram usage:        0 bytes
 Hardware stack levels used:    1
 This function calls:
		Nothing
 This function is called by:
		_checkButtons
		_checkButton
 This function uses a non-reentrant model


 *************** function _alarmOnOff *****************
 Defined at:
		line 271 in file "main.c"
 Parameters:    Size  Location     Type
		None
 Auto vars:     Size  Location     Type
		None
 Return value:  Size  Location     Type
                  1    wreg      void 
 Registers used:
		wreg, fsr0l, fsr0h, status,2, status,0, pclath, cstack
 Tracked objects:
		On entry : 
		On exit  : 
		Unchanged: 
 Data sizes:     COMMON   BANK0   BANK1   BANK3   BANK2
      Params:         0       0       0       0       0
      Locals:         0       0       0       0       0
      Temps:          0       0       0       0       0
      Totals:         0       0       0       0       0
Total ram usage:        0 bytes
 Hardware stack levels used:    1
 Hardware stack levels required when called:    5
 This function calls:
		_LCDdelay2
		_alarmOff
		_alarmOn
		_modeSelect
 This function is called by:
		_main
 This function uses a non-reentrant model


 *************** function _modeSelect *****************
 Defined at:
		line 242 in file "main.c"
 Parameters:    Size  Location     Type
		None
 Auto vars:     Size  Location     Type
  messagecol     12    0[BANK0 ] unsigned char [12]
  messagerow      9   12[BANK0 ] unsigned char [9]
 Return value:  Size  Location     Type
                  1    wreg      void 
 Registers used:
		wreg, fsr0l, fsr0h, status,2, status,0, pclath, cstack
 Tracked objects:
		On entry : 
		On exit  : 
		Unchanged: 
 Data sizes:     COMMON   BANK0   BANK1   BANK3   BANK2
      Params:         0       0       0       0       0
      Locals:         0      21       0       0       0
      Temps:          4       0       0       0       0
      Totals:         4      21       0       0       0
Total ram usage:       25 bytes
 Hardware stack levels used:    1
 Hardware stack levels required when called:    4
 This function calls:
		_resetCursor
		_writeMessageline1
		_writeMessageline2
 This function is called by:
		_alarmOnOff
 This function uses a non-reentrant model


 *************** function _writeMessageline2 *****************
 Defined at:
		line 54 in file "LCD.c"
 Parameters:    Size  Location     Type
  message         1    wreg     PTR unsigned char 
		 -> modeSelect@messagecol(12), ButtonGrid@messagecol(6), currentTemp@message2(13), 
 Auto vars:     Size  Location     Type
  message         1    7[COMMON] PTR unsigned char 
		 -> modeSelect@messagecol(12), ButtonGrid@messagecol(6), currentTemp@message2(13), 
 Return value:  Size  Location     Type
                  1    wreg      void 
 Registers used:
		wreg, fsr0l, fsr0h, status,2, status,0, pclath, cstack
 Tracked objects:
		On entry : 
		On exit  : 
		Unchanged: 
 Data sizes:     COMMON   BANK0   BANK1   BANK3   BANK2
      Params:         0       0       0       0       0
      Locals:         1       0       0       0       0
      Temps:          0       0       0       0       0
      Totals:         1       0       0       0       0
Total ram usage:        1 bytes
 Hardware stack levels used:    1
 Hardware stack levels required when called:    3
 This function calls:
		_writeCmd
		_writeMessage
 This function is called by:
		_modeSelect
		_currentTemp
		_ButtonGrid
 This function uses a non-reentrant model


 *************** function _writeMessageline1 *****************
 Defined at:
		line 49 in file "LCD.c"
 Parameters:    Size  Location     Type
  message         1    wreg     PTR unsigned char 
		 -> checkZoneMessage@messagerow(13), checkMessage@messagerow(17), modeSelect@messagerow(9), ButtonGrid@messagerow(6), 
		 -> currentTemp@message1(7), 
 Auto vars:     Size  Location     Type
  message         1    7[COMMON] PTR unsigned char 
		 -> checkZoneMessage@messagerow(13), checkMessage@messagerow(17), modeSelect@messagerow(9), ButtonGrid@messagerow(6), 
		 -> currentTemp@message1(7), 
 Return value:  Size  Location     Type
                  1    wreg      void 
 Registers used:
		wreg, fsr0l, fsr0h, status,2, status,0, pclath, cstack
 Tracked objects:
		On entry : 
		On exit  : 
		Unchanged: 
 Data sizes:     COMMON   BANK0   BANK1   BANK3   BANK2
      Params:         0       0       0       0       0
      Locals:         1       0       0       0       0
      Temps:          0       0       0       0       0
      Totals:         1       0       0       0       0
Total ram usage:        1 bytes
 Hardware stack levels used:    1
 Hardware stack levels required when called:    3
 This function calls:
		_writeMessage
 This function is called by:
		_modeSelect
		_checkZoneMessage
		_currentTemp
		_ButtonGrid
		_checkMessage
 This function uses a non-reentrant model


 *************** function _alarmOn *****************
 Defined at:
		line 114 in file "main.c"
 Parameters:    Size  Location     Type
		None
 Auto vars:     Size  Location     Type
  message         9    0[BANK0 ] unsigned char [9]
 Return value:  Size  Location     Type
                  1    wreg      void 
 Registers used:
		wreg, fsr0l, fsr0h, status,2, status,0, pclath, cstack
 Tracked objects:
		On entry : 
		On exit  : 
		Unchanged: 
 Data sizes:     COMMON   BANK0   BANK1   BANK3   BANK2
      Params:         0       0       0       0       0
      Locals:         0       9       0       0       0
      Temps:          4       0       0       0       0
      Totals:         4       9       0       0       0
Total ram usage:       13 bytes
 Hardware stack levels used:    1
 Hardware stack levels required when called:    3
 This function calls:
		_LCDdelay2
		_clearDisplay
		_resetCursor
		_writeMessage
 This function is called by:
		_alarmOnOff
 This function uses a non-reentrant model


 *************** function _alarmOff *****************
 Defined at:
		line 122 in file "main.c"
 Parameters:    Size  Location     Type
		None
 Auto vars:     Size  Location     Type
  message        10    0[BANK0 ] unsigned char [10]
 Return value:  Size  Location     Type
                  1    wreg      void 
 Registers used:
		wreg, fsr0l, fsr0h, status,2, status,0, pclath, cstack
 Tracked objects:
		On entry : 
		On exit  : 
		Unchanged: 
 Data sizes:     COMMON   BANK0   BANK1   BANK3   BANK2
      Params:         0       0       0       0       0
      Locals:         0      10       0       0       0
      Temps:          4       0       0       0       0
      Totals:         4      10       0       0       0
Total ram usage:       14 bytes
 Hardware stack levels used:    1
 Hardware stack levels required when called:    3
 This function calls:
		_LCDdelay2
		_clearDisplay
		_resetCursor
		_writeMessage
 This function is called by:
		_alarmOnOff
 This function uses a non-reentrant model


 *************** function _activateZones *****************
 Defined at:
		line 359 in file "main.c"
 Parameters:    Size  Location     Type
		None
 Auto vars:     Size  Location     Type
		None
 Return value:  Size  Location     Type
                  1    wreg      void 
 Registers used:
		wreg, fsr0l, fsr0h, status,2, status,0, pclath, cstack
 Tracked objects:
		On entry : 
		On exit  : 
		Unchanged: 
 Data sizes:     COMMON   BANK0   BANK1   BANK3   BANK2
      Params:         0       0       0       0       0
      Locals:         0       0       0       0       0
      Temps:          0       0       0       0       0
      Totals:         0       0       0       0       0
Total ram usage:        0 bytes
 Hardware stack levels used:    1
 Hardware stack levels required when called:    4
 This function calls:
		_zone0Activate
		_zone0Deactivate
		_zone1Activate
		_zone1Deactivate
		_zone2Activate
		_zone2Deactivate
		_zone3Activate
		_zone3Deactivate
 This function is called by:
		_main
 This function uses a non-reentrant model


 *************** function _zone3Deactivate *****************
 Defined at:
		line 186 in file "main.c"
 Parameters:    Size  Location     Type
		None
 Auto vars:     Size  Location     Type
  message        11    0[BANK0 ] unsigned char [11]
 Return value:  Size  Location     Type
                  1    wreg      void 
 Registers used:
		wreg, fsr0l, fsr0h, status,2, status,0, pclath, cstack
 Tracked objects:
		On entry : 
		On exit  : 
		Unchanged: 
 Data sizes:     COMMON   BANK0   BANK1   BANK3   BANK2
      Params:         0       0       0       0       0
      Locals:         0      11       0       0       0
      Temps:          4       0       0       0       0
      Totals:         4      11       0       0       0
Total ram usage:       15 bytes
 Hardware stack levels used:    1
 Hardware stack levels required when called:    3
 This function calls:
		_LCDdelay2
		_clearDisplay
		_resetCursor
		_writeMessage
 This function is called by:
		_activateZones
 This function uses a non-reentrant model


 *************** function _zone3Activate *****************
 Defined at:
		line 154 in file "main.c"
 Parameters:    Size  Location     Type
		None
 Auto vars:     Size  Location     Type
  message        10    0[BANK0 ] unsigned char [10]
 Return value:  Size  Location     Type
                  1    wreg      void 
 Registers used:
		wreg, fsr0l, fsr0h, status,2, status,0, pclath, cstack
 Tracked objects:
		On entry : 
		On exit  : 
		Unchanged: 
 Data sizes:     COMMON   BANK0   BANK1   BANK3   BANK2
      Params:         0       0       0       0       0
      Locals:         0      10       0       0       0
      Temps:          4       0       0       0       0
      Totals:         4      10       0       0       0
Total ram usage:       14 bytes
 Hardware stack levels used:    1
 Hardware stack levels required when called:    3
 This function calls:
		_LCDdelay2
		_clearDisplay
		_resetCursor
		_writeMessage
 This function is called by:
		_activateZones
 This function uses a non-reentrant model


 *************** function _zone2Deactivate *****************
 Defined at:
		line 178 in file "main.c"
 Parameters:    Size  Location     Type
		None
 Auto vars:     Size  Location     Type
  message        11    0[BANK0 ] unsigned char [11]
 Return value:  Size  Location     Type
                  1    wreg      void 
 Registers used:
		wreg, fsr0l, fsr0h, status,2, status,0, pclath, cstack
 Tracked objects:
		On entry : 
		On exit  : 
		Unchanged: 
 Data sizes:     COMMON   BANK0   BANK1   BANK3   BANK2
      Params:         0       0       0       0       0
      Locals:         0      11       0       0       0
      Temps:          4       0       0       0       0
      Totals:         4      11       0       0       0
Total ram usage:       15 bytes
 Hardware stack levels used:    1
 Hardware stack levels required when called:    3
 This function calls:
		_LCDdelay2
		_clearDisplay
		_resetCursor
		_writeMessage
 This function is called by:
		_activateZones
 This function uses a non-reentrant model


 *************** function _zone2Activate *****************
 Defined at:
		line 146 in file "main.c"
 Parameters:    Size  Location     Type
		None
 Auto vars:     Size  Location     Type
  message        10    0[BANK0 ] unsigned char [10]
 Return value:  Size  Location     Type
                  1    wreg      void 
 Registers used:
		wreg, fsr0l, fsr0h, status,2, status,0, pclath, cstack
 Tracked objects:
		On entry : 
		On exit  : 
		Unchanged: 
 Data sizes:     COMMON   BANK0   BANK1   BANK3   BANK2
      Params:         0       0       0       0       0
      Locals:         0      10       0       0       0
      Temps:          4       0       0       0       0
      Totals:         4      10       0       0       0
Total ram usage:       14 bytes
 Hardware stack levels used:    1
 Hardware stack levels required when called:    3
 This function calls:
		_LCDdelay2
		_clearDisplay
		_resetCursor
		_writeMessage
 This function is called by:
		_activateZones
 This function uses a non-reentrant model


 *************** function _zone1Deactivate *****************
 Defined at:
		line 170 in file "main.c"
 Parameters:    Size  Location     Type
		None
 Auto vars:     Size  Location     Type
  message        11    0[BANK0 ] unsigned char [11]
 Return value:  Size  Location     Type
                  1    wreg      void 
 Registers used:
		wreg, fsr0l, fsr0h, status,2, status,0, pclath, cstack
 Tracked objects:
		On entry : 
		On exit  : 
		Unchanged: 
 Data sizes:     COMMON   BANK0   BANK1   BANK3   BANK2
      Params:         0       0       0       0       0
      Locals:         0      11       0       0       0
      Temps:          4       0       0       0       0
      Totals:         4      11       0       0       0
Total ram usage:       15 bytes
 Hardware stack levels used:    1
 Hardware stack levels required when called:    3
 This function calls:
		_LCDdelay2
		_clearDisplay
		_resetCursor
		_writeMessage
 This function is called by:
		_activateZones
 This function uses a non-reentrant model


 *************** function _zone1Activate *****************
 Defined at:
		line 138 in file "main.c"
 Parameters:    Size  Location     Type
		None
 Auto vars:     Size  Location     Type
  message        10    0[BANK0 ] unsigned char [10]
 Return value:  Size  Location     Type
                  1    wreg      void 
 Registers used:
		wreg, fsr0l, fsr0h, status,2, status,0, pclath, cstack
 Tracked objects:
		On entry : 
		On exit  : 
		Unchanged: 
 Data sizes:     COMMON   BANK0   BANK1   BANK3   BANK2
      Params:         0       0       0       0       0
      Locals:         0      10       0       0       0
      Temps:          4       0       0       0       0
      Totals:         4      10       0       0       0
Total ram usage:       14 bytes
 Hardware stack levels used:    1
 Hardware stack levels required when called:    3
 This function calls:
		_LCDdelay2
		_clearDisplay
		_resetCursor
		_writeMessage
 This function is called by:
		_activateZones
 This function uses a non-reentrant model


 *************** function _zone0Deactivate *****************
 Defined at:
		line 162 in file "main.c"
 Parameters:    Size  Location     Type
		None
 Auto vars:     Size  Location     Type
  message        12    0[BANK0 ] unsigned char [12]
 Return value:  Size  Location     Type
                  1    wreg      void 
 Registers used:
		wreg, fsr0l, fsr0h, status,2, status,0, pclath, cstack
 Tracked objects:
		On entry : 
		On exit  : 
		Unchanged: 
 Data sizes:     COMMON   BANK0   BANK1   BANK3   BANK2
      Params:         0       0       0       0       0
      Locals:         0      12       0       0       0
      Temps:          4       0       0       0       0
      Totals:         4      12       0       0       0
Total ram usage:       16 bytes
 Hardware stack levels used:    1
 Hardware stack levels required when called:    3
 This function calls:
		_LCDdelay2
		_clearDisplay
		_resetCursor
		_writeMessage
 This function is called by:
		_activateZones
 This function uses a non-reentrant model


 *************** function _zone0Activate *****************
 Defined at:
		line 130 in file "main.c"
 Parameters:    Size  Location     Type
		None
 Auto vars:     Size  Location     Type
  message        10    0[BANK0 ] unsigned char [10]
 Return value:  Size  Location     Type
                  1    wreg      void 
 Registers used:
		wreg, fsr0l, fsr0h, status,2, status,0, pclath, cstack
 Tracked objects:
		On entry : 
		On exit  : 
		Unchanged: 
 Data sizes:     COMMON   BANK0   BANK1   BANK3   BANK2
      Params:         0       0       0       0       0
      Locals:         0      10       0       0       0
      Temps:          4       0       0       0       0
      Totals:         4      10       0       0       0
Total ram usage:       14 bytes
 Hardware stack levels used:    1
 Hardware stack levels required when called:    3
 This function calls:
		_LCDdelay2
		_clearDisplay
		_resetCursor
		_writeMessage
 This function is called by:
		_activateZones
 This function uses a non-reentrant model


 *************** function _writeMessage *****************
 Defined at:
		line 42 in file "LCD.c"
 Parameters:    Size  Location     Type
  message         1    wreg     PTR unsigned char 
		 -> checkZoneMessage@messagerow(13), checkMessage@messagerow(17), modeSelect@messagecol(12), modeSelect@messagerow(9), 
		 -> ButtonGrid@messagecol(6), ButtonGrid@messagerow(6), zone3Deactivate@message(11), zone2Deactivate@message(11), 
		 -> zone1Deactivate@message(11), zone0Deactivate@message(12), zone3Activate@message(10), zone2Activate@message(10), 
		 -> zone1Activate@message(10), zone0Activate@message(10), alarmOff@message(10), alarmOn@message(9), 
		 -> currentTemp@message2(13), currentTemp@message1(7), zone3Alert@message(13), zone2Alert@message(13), 
		 -> zone1Alert@message(13), zone0Alert@message(13), zone3OK@message(10), zone2OK@message(10), 
		 -> zone1OK@message(10), zone0OK@message(10), 
 Auto vars:     Size  Location     Type
  message         1    6[COMMON] PTR unsigned char 
		 -> checkZoneMessage@messagerow(13), checkMessage@messagerow(17), modeSelect@messagecol(12), modeSelect@messagerow(9), 
		 -> ButtonGrid@messagecol(6), ButtonGrid@messagerow(6), zone3Deactivate@message(11), zone2Deactivate@message(11), 
		 -> zone1Deactivate@message(11), zone0Deactivate@message(12), zone3Activate@message(10), zone2Activate@message(10), 
		 -> zone1Activate@message(10), zone0Activate@message(10), alarmOff@message(10), alarmOn@message(9), 
		 -> currentTemp@message2(13), currentTemp@message1(7), zone3Alert@message(13), zone2Alert@message(13), 
		 -> zone1Alert@message(13), zone0Alert@message(13), zone3OK@message(10), zone2OK@message(10), 
		 -> zone1OK@message(10), zone0OK@message(10), 
  i               2    4[COMMON] int 
 Return value:  Size  Location     Type
                  1    wreg      void 
 Registers used:
		wreg, fsr0l, fsr0h, status,2, status,0, pclath, cstack
 Tracked objects:
		On entry : 
		On exit  : 
		Unchanged: 
 Data sizes:     COMMON   BANK0   BANK1   BANK3   BANK2
      Params:         0       0       0       0       0
      Locals:         3       0       0       0       0
      Temps:          1       0       0       0       0
      Totals:         4       0       0       0       0
Total ram usage:        4 bytes
 Hardware stack levels used:    1
 Hardware stack levels required when called:    2
 This function calls:
		_writeChar
 This function is called by:
		_zone0OK
		_zone1OK
		_zone2OK
		_zone3OK
		_zone0Alert
		_zone1Alert
		_zone2Alert
		_zone3Alert
		_alarmOn
		_alarmOff
		_zone0Activate
		_zone1Activate
		_zone2Activate
		_zone3Activate
		_zone0Deactivate
		_zone1Deactivate
		_zone2Deactivate
		_zone3Deactivate
		_writeMessageline1
		_writeMessageline2
 This function uses a non-reentrant model


 *************** function _writeChar *****************
 Defined at:
		line 27 in file "LCD.c"
 Parameters:    Size  Location     Type
  var             1    wreg     unsigned char 
 Auto vars:     Size  Location     Type
  var             1    2[COMMON] unsigned char 
 Return value:  Size  Location     Type
                  1    wreg      void 
 Registers used:
		wreg, status,2, status,0, pclath, cstack
 Tracked objects:
		On entry : 
		On exit  : 
		Unchanged: 
 Data sizes:     COMMON   BANK0   BANK1   BANK3   BANK2
      Params:         0       0       0       0       0
      Locals:         1       0       0       0       0
      Temps:          0       0       0       0       0
      Totals:         1       0       0       0       0
Total ram usage:        1 bytes
 Hardware stack levels used:    1
 Hardware stack levels required when called:    1
 This function calls:
		_LCDdelay
 This function is called by:
		_writeMessage
 This function uses a non-reentrant model


 *************** function _resetCursor *****************
 Defined at:
		line 83 in file "LCD.c"
 Parameters:    Size  Location     Type
		None
 Auto vars:     Size  Location     Type
		None
 Return value:  Size  Location     Type
                  1    wreg      void 
 Registers used:
		wreg, status,2, status,0, pclath, cstack
 Tracked objects:
		On entry : 
		On exit  : 
		Unchanged: 
 Data sizes:     COMMON   BANK0   BANK1   BANK3   BANK2
      Params:         0       0       0       0       0
      Locals:         0       0       0       0       0
      Temps:          0       0       0       0       0
      Totals:         0       0       0       0       0
Total ram usage:        0 bytes
 Hardware stack levels used:    1
 Hardware stack levels required when called:    2
 This function calls:
		_writeCmd
 This function is called by:
		_zone0OK
		_zone1OK
		_zone2OK
		_zone3OK
		_zone0Alert
		_zone1Alert
		_zone2Alert
		_zone3Alert
		_alarmOn
		_alarmOff
		_zone0Activate
		_zone1Activate
		_zone2Activate
		_zone3Activate
		_zone0Deactivate
		_zone1Deactivate
		_zone2Deactivate
		_zone3Deactivate
		_modeSelect
		_checkZoneMessage
		_currentTemp
		_ButtonGrid
		_checkMessage
		_Return
 This function uses a non-reentrant model


 *************** function _clearDisplay *****************
 Defined at:
		line 90 in file "LCD.c"
 Parameters:    Size  Location     Type
		None
 Auto vars:     Size  Location     Type
		None
 Return value:  Size  Location     Type
                  1    wreg      void 
 Registers used:
		wreg, status,2, status,0, pclath, cstack
 Tracked objects:
		On entry : 
		On exit  : 
		Unchanged: 
 Data sizes:     COMMON   BANK0   BANK1   BANK3   BANK2
      Params:         0       0       0       0       0
      Locals:         0       0       0       0       0
      Temps:          0       0       0       0       0
      Totals:         0       0       0       0       0
Total ram usage:        0 bytes
 Hardware stack levels used:    1
 Hardware stack levels required when called:    2
 This function calls:
		_writeCmd
 This function is called by:
		_zone0OK
		_zone1OK
		_zone2OK
		_zone3OK
		_zone0Alert
		_zone1Alert
		_zone2Alert
		_zone3Alert
		_alarmOn
		_alarmOff
		_zone0Activate
		_zone1Activate
		_zone2Activate
		_zone3Activate
		_zone0Deactivate
		_zone1Deactivate
		_zone2Deactivate
		_zone3Deactivate
		_checkZoneMessage
		_currentTemp
		_ButtonGrid
		_checkMessage
		_Return
 This function uses a non-reentrant model


 *************** function _LCDdelay2 *****************
 Defined at:
		line 18 in file "LCD.c"
 Parameters:    Size  Location     Type
		None
 Auto vars:     Size  Location     Type
  i               2    0[COMMON] unsigned int 
 Return value:  Size  Location     Type
                  1    wreg      void 
 Registers used:
		wreg, status,2
 Tracked objects:
		On entry : 
		On exit  : 
		Unchanged: 
 Data sizes:     COMMON   BANK0   BANK1   BANK3   BANK2
      Params:         0       0       0       0       0
      Locals:         2       0       0       0       0
      Temps:          0       0       0       0       0
      Totals:         2       0       0       0       0
Total ram usage:        2 bytes
 Hardware stack levels used:    1
 This function calls:
		Nothing
 This function is called by:
		_zone0OK
		_zone1OK
		_zone2OK
		_zone3OK
		_zone0Alert
		_zone1Alert
		_zone2Alert
		_zone3Alert
		_alarmOn
		_alarmOff
		_zone0Activate
		_zone1Activate
		_zone2Activate
		_zone3Activate
		_zone0Deactivate
		_zone1Deactivate
		_zone2Deactivate
		_zone3Deactivate
		_alarmOnOff
		_currentTemp
		_activateButtonCheck
 This function uses a non-reentrant model


 *************** function _LCDsetup *****************
 Defined at:
		line 4 in file "LCD.c"
 Parameters:    Size  Location     Type
		None
 Auto vars:     Size  Location     Type
		None
 Return value:  Size  Location     Type
                  1    wreg      void 
 Registers used:
		wreg, status,2, status,0, pclath, cstack
 Tracked objects:
		On entry : 
		On exit  : 
		Unchanged: 
 Data sizes:     COMMON   BANK0   BANK1   BANK3   BANK2
      Params:         0       0       0       0       0
      Locals:         0       0       0       0       0
      Temps:          0       0       0       0       0
      Totals:         0       0       0       0       0
Total ram usage:        0 bytes
 Hardware stack levels used:    1
 Hardware stack levels required when called:    3
 This function calls:
		_displayOn
		_turnon2linemode
 This function is called by:
		_main
		_ButtonGrid
 This function uses a non-reentrant model


 *************** function _turnon2linemode *****************
 Defined at:
		line 94 in file "LCD.c"
 Parameters:    Size  Location     Type
		None
 Auto vars:     Size  Location     Type
		None
 Return value:  Size  Location     Type
                  1    wreg      void 
 Registers used:
		wreg, status,2, status,0, pclath, cstack
 Tracked objects:
		On entry : 
		On exit  : 
		Unchanged: 
 Data sizes:     COMMON   BANK0   BANK1   BANK3   BANK2
      Params:         0       0       0       0       0
      Locals:         0       0       0       0       0
      Temps:          0       0       0       0       0
      Totals:         0       0       0       0       0
Total ram usage:        0 bytes
 Hardware stack levels used:    1
 Hardware stack levels required when called:    2
 This function calls:
		_writeCmd
 This function is called by:
		_LCDsetup
 This function uses a non-reentrant model


 *************** function _displayOn *****************
 Defined at:
		line 86 in file "LCD.c"
 Parameters:    Size  Location     Type
		None
 Auto vars:     Size  Location     Type
		None
 Return value:  Size  Location     Type
                  1    wreg      void 
 Registers used:
		wreg, status,2, status,0, pclath, cstack
 Tracked objects:
		On entry : 
		On exit  : 
		Unchanged: 
 Data sizes:     COMMON   BANK0   BANK1   BANK3   BANK2
      Params:         0       0       0       0       0
      Locals:         0       0       0       0       0
      Temps:          0       0       0       0       0
      Totals:         0       0       0       0       0
Total ram usage:        0 bytes
 Hardware stack levels used:    1
 Hardware stack levels required when called:    2
 This function calls:
		_writeCmd
 This function is called by:
		_LCDsetup
 This function uses a non-reentrant model


 *************** function _writeCmd *****************
 Defined at:
		line 67 in file "LCD.c"
 Parameters:    Size  Location     Type
  cmd             1    wreg     unsigned char 
 Auto vars:     Size  Location     Type
  cmd             1    2[COMMON] unsigned char 
 Return value:  Size  Location     Type
                  1    wreg      void 
 Registers used:
		wreg, status,2, status,0, pclath, cstack
 Tracked objects:
		On entry : 
		On exit  : 
		Unchanged: 
 Data sizes:     COMMON   BANK0   BANK1   BANK3   BANK2
      Params:         0       0       0       0       0
      Locals:         1       0       0       0       0
      Temps:          0       0       0       0       0
      Totals:         1       0       0       0       0
Total ram usage:        1 bytes
 Hardware stack levels used:    1
 Hardware stack levels required when called:    1
 This function calls:
		_LCDdelay
 This function is called by:
		_writeMessageline2
		_resetCursor
		_displayOn
		_clearDisplay
		_turnon2linemode
 This function uses a non-reentrant model


 *************** function _LCDdelay *****************
 Defined at:
		line 14 in file "LCD.c"
 Parameters:    Size  Location     Type
		None
 Auto vars:     Size  Location     Type
  i               2    0[COMMON] unsigned int 
 Return value:  Size  Location     Type
                  1    wreg      void 
 Registers used:
		wreg, status,2
 Tracked objects:
		On entry : 
		On exit  : 
		Unchanged: 
 Data sizes:     COMMON   BANK0   BANK1   BANK3   BANK2
      Params:         0       0       0       0       0
      Locals:         2       0       0       0       0
      Temps:          0       0       0       0       0
      Totals:         2       0       0       0       0
Total ram usage:        2 bytes
 Hardware stack levels used:    1
 This function calls:
		Nothing
 This function is called by:
		_writeChar
		_writeCmd
 This function uses a non-reentrant model



MODULE INFORMATION

Module		Function		Class		Link	Load	Size
buttons.c
		_buttonsetup   		CODE           	0082	0000	24
		_checkButtons  		CODE           	05FA	0000	135

buttons.c estimated size: 159

shared
		__initialization		CODE           	07BE	0000	63

shared estimated size: 63

main.c
		_alarmOn       		CODE           	019F	0000	47
		_alarmOnOff    		CODE           	048A	0000	50
		_zone0Activate 		CODE           	0143	0000	47
		_checkZoneMessage		CODE           	011E	0000	38
		_zone1Deactivate		CODE           	02E3	0000	48
		_zone0Alert    		CODE           	03CE	0000	48
		_zone0OK       		CODE           	01CD	0000	47
		_zone1Activate 		CODE           	02B4	0000	48
		_zone2Deactivate		CODE           	0341	0000	48
		_zone1Alert    		CODE           	03FD	0000	48
		_main          		CODE           	00B8	0000	33
		_zone1OK       		CODE           	01FB	0000	47
		_zone2Activate 		CODE           	0312	0000	48
		_zone3Deactivate		CODE           	039F	0000	48
		_zone2Alert    		CODE           	042C	0000	48
		_alarmOff      		CODE           	0171	0000	47
		_zone2OK       		CODE           	0229	0000	47
		_zone3Activate 		CODE           	0370	0000	48
		_zone3Alert    		CODE           	045B	0000	48
		_zone3OK       		CODE           	0257	0000	47
		_activateZones 		CODE           	0715	0000	170
		_zone0Deactivate		CODE           	0285	0000	48
		_modeSelect    		CODE           	04BB	0000	60
		_checkZones    		CODE           	0680	0000	150

main.c estimated size: 1358

LCD.c
		_turnon2linemode		CODE           	0FF6	0000	6
		_LCDdelay      		CODE           	0025	0000	17
		_LCDdelay2     		CODE           	0035	0000	17
		_displayOn     		CODE           	0FF1	0000	6
		_writeChar     		CODE           	00FA	0000	37
		_writeMessageline1		CODE           	000B	0000	7
		_writeMessageline2		CODE           	0019	0000	13
		_clearDisplay  		CODE           	0FFB	0000	6
		_resetCursor   		CODE           	0006	0000	6
		_writeCmd      		CODE           	00D8	0000	35
		_writeMessage  		CODE           	0099	0000	32
		_LCDsetup      		CODE           	006B	0000	24

LCD.c estimated size: 206

